 hello

 Timestamp is 5782fabe (Sun Jul 10 18:47:42 2016)

 Preferred load address is 0000000180000000

 Start         Length     Name                   Class
 0001:00000000 000001e0H .text                   CODE
 0001:000001e0 0000ab10H .text$mn                CODE
 0001:0000acf0 00000020H .text$mn$00             CODE
 0001:0000ad10 00000260H .text$x                 CODE
 0002:00000000 00000258H .idata$5                DATA
 0002:00000258 00000010H .00cfg                  DATA
 0002:00000268 00000008H .CRT$XCA                DATA
 0002:00000270 00000008H .CRT$XCU                DATA
 0002:00000278 00000008H .CRT$XCZ                DATA
 0002:00000280 00000008H .CRT$XIA                DATA
 0002:00000288 00000018H .CRT$XIC                DATA
 0002:000002a0 00000008H .CRT$XIZ                DATA
 0002:000002a8 00000008H .CRT$XPA                DATA
 0002:000002b0 00000010H .CRT$XPX                DATA
 0002:000002c0 00000008H .CRT$XPXA               DATA
 0002:000002c8 00000008H .CRT$XPZ                DATA
 0002:000002d0 00000008H .CRT$XTA                DATA
 0002:000002d8 00000008H .CRT$XTZ                DATA
 0002:000002e0 000070c8H .rdata                  DATA
 0002:000073a8 00000000H .rdata$r                DATA
 0002:000073a8 00000010H .rdata$zETW0            DATA
 0002:000073b8 00000077H .rdata$zETW1            DATA
 0002:0000742f 0000002cH .rdata$zETW2            DATA
 0002:0000745b 00000001H .rdata$zETW9            DATA
 0002:0000745c 00000424H .rdata$zzzdbg           DATA
 0002:00007880 00000008H .rtc$IAA                DATA
 0002:00007888 00000008H .rtc$IZZ                DATA
 0002:00007890 00000008H .rtc$TAA                DATA
 0002:00007898 00000008H .rtc$TZZ                DATA
 0002:000078a0 00000aa4H .xdata                  DATA
 0002:00008344 00000020H .didat$2                DATA
 0002:00008364 00000024H .didat$3                DATA
 0002:00008388 00000050H .didat$4                DATA
 0002:000083d8 00000258H .didat$6                DATA
 0002:00008630 00000050H .didat$7                DATA
 0002:00008680 00000050H .edata                  DATA
 0002:000086d0 00000028H .idata$2                DATA
 0002:000086f8 00000018H .idata$3                DATA
 0002:00008710 00000258H .idata$4                DATA
 0002:00008968 00000572H .idata$6                DATA
 0003:00000000 00000978H .data                   DATA
 0003:00000978 00000000H .data$r                 DATA
 0003:00000978 00000058H .didat$5                DATA
 0003:000009d0 000011f8H .bss                    DATA
 0004:00000000 00000da4H .pdata                  DATA
 0005:00000000 00000080H .gfids$x                DATA
 0005:00000080 0000001cH .gfids$y                DATA
 0006:00000000 00000060H .rsrc$01                DATA
 0006:00000060 00000180H .rsrc$02                DATA

  Address         Publics by Value              Rva+Base               Lib:Object

 0000:00000000       __guard_iat_count          0000000000000000     <absolute>
 0000:00000000       __dynamic_value_reloc_table 0000000000000000     <absolute>
 0000:00000000       __guard_iat_table          0000000000000000     <absolute>
 0000:00000000       __guard_longjmp_table      0000000000000000     <absolute>
 0000:00000000       __guard_longjmp_count      0000000000000000     <absolute>
 0000:00000000       __guard_fids_count         0000000000000000     <absolute>
 0000:00000000       ___safe_se_handler_table   0000000000000000     <absolute>
 0000:00000000       ___safe_se_handler_count   0000000000000000     <absolute>
 0000:00000000       __guard_fids_table         0000000000000000     <absolute>
 0000:00000100       __guard_flags              0000000000000100     <absolute>
 0000:00000000       __ImageBase                0000000180000000     <linker-defined>
 0001:00000000       ?TraceLoggingRegister@__vcrt_trace_logging_provider@@YAJPEBU_TlgProvider_t@1@PEBU_GUID@@P6AX1KE_K2PEAU_EVENT_FILTER_DESCRIPTOR@@PEAX@Z4@Z 0000000180001000 f i libvcruntime:telemetry.obj
 0001:0000007c       ?_TlgEnableCallback@__vcrt_trace_logging_provider@@YAXPEBU_GUID@@KE_K1PEAU_EVENT_FILTER_DESCRIPTOR@@PEAX@Z 000000018000107c f i libvcruntime:telemetry.obj
 0001:00000140       ?_TlgWrite@__vcrt_trace_logging_provider@@YAJPEBU_TlgProvider_t@1@PEFBXPEBU_GUID@@2IPEAU_EVENT_DATA_DESCRIPTOR@@@Z 0000000180001140 f i libvcruntime:telemetry.obj
 0001:000001e0       ?NODE_SET_METHOD@node@@YAXV?$Local@VObject@v8@@@v8@@PEBDP6AXAEBV?$FunctionCallbackInfo@VValue@v8@@@3@@Z@Z 00000001800011e0 f i hello.obj
 0001:000002a0       ?Method@demo@@YAXAEBV?$FunctionCallbackInfo@VValue@v8@@@v8@@@Z 00000001800012a0 f   hello.obj
 0001:000002f0       ?init@demo@@YAXV?$Local@VObject@v8@@@v8@@@Z 00000001800012f0 f   hello.obj
 0001:0000035c       __imp_load_?GetCurrent@Isolate@v8@@SAPEAV12@XZ 000000018000135c f   node:node.exe
 0001:00000368       __tailMerge_node_exe       0000000180001368 f i node:node.exe
 0001:000003e1       __imp_load_??1HandleScope@v8@@QEAA@XZ 00000001800013e1 f   node:node.exe
 0001:000003ed       __imp_load_??0HandleScope@v8@@QEAA@PEAVIsolate@1@@Z 00000001800013ed f   node:node.exe
 0001:000003f9       __imp_load_?GetFunction@FunctionTemplate@v8@@QEAA?AV?$Local@VFunction@v8@@@2@XZ 00000001800013f9 f   node:node.exe
 0001:00000405       __imp_load_?New@FunctionTemplate@v8@@SA?AV?$Local@VFunctionTemplate@v8@@@2@PEAVIsolate@2@P6AXAEBV?$FunctionCallbackInfo@VValue@v8@@@2@@ZV?$Local@VValue@v8@@@2@V?$Local@VSignature@v8@@@2@H@Z 0000000180001405 f   node:node.exe
 0001:00000411       __imp_load_?NewFromUtf8@String@v8@@SA?AV?$Local@VString@v8@@@2@PEAVIsolate@2@PEBDW4NewStringType@12@H@Z 0000000180001411 f   node:node.exe
 0001:0000041d       __imp_load_?Set@Object@v8@@QEAA_NV?$Local@VValue@v8@@@2@0@Z 000000018000141d f   node:node.exe
 0001:00000429       __imp_load_?SetName@Function@v8@@QEAAXV?$Local@VString@v8@@@2@@Z 0000000180001429 f   node:node.exe
 0001:00000435       __imp_load_node_module_register 0000000180001435 f   node:node.exe
 0001:00000460       __security_check_cookie    0000000180001460 f   LIBCMT:_amdsecgs_.obj
 0001:000007f4       _DllMainCRTStartup         00000001800017f4 f   LIBCMT:dll_dllmain.obj
 0001:00000834       __raise_securityfailure    0000000180001834 f   LIBCMT:gs_report.obj
 0001:00000868       __report_gsfailure         0000000180001868 f   LIBCMT:gs_report.obj
 0001:0000093c       __report_rangecheckfailure 000000018000193c f   LIBCMT:gs_report.obj
 0001:00000950       __report_securityfailure   0000000180001950 f   LIBCMT:gs_report.obj
 0001:00000ad0       __scrt_acquire_startup_lock 0000000180001ad0 f   LIBCMT:utility.obj
 0001:00000b0c       __scrt_dllmain_after_initialize_c 0000000180001b0c f   LIBCMT:utility.obj
 0001:00000b40       __scrt_dllmain_before_initialize_c 0000000180001b40 f   LIBCMT:utility.obj
 0001:00000b58       __scrt_dllmain_crt_thread_attach 0000000180001b58 f   LIBCMT:utility.obj
 0001:00000b80       __scrt_dllmain_crt_thread_detach 0000000180001b80 f   LIBCMT:utility.obj
 0001:00000b98       __scrt_dllmain_exception_filter 0000000180001b98 f   LIBCMT:utility.obj
 0001:00000bfc       __scrt_dllmain_uninitialize_c 0000000180001bfc f   LIBCMT:utility.obj
 0001:00000c2c       __scrt_dllmain_uninitialize_critical 0000000180001c2c f   LIBCMT:utility.obj
 0001:00000c40       __scrt_initialize_crt      0000000180001c40 f   LIBCMT:utility.obj
 0001:00000c8c       __scrt_initialize_onexit_tables 0000000180001c8c f   LIBCMT:utility.obj
 0001:00000d58       __scrt_is_nonwritable_in_current_image 0000000180001d58 f   LIBCMT:utility.obj
 0001:00000df4       __scrt_release_startup_lock 0000000180001df4 f   LIBCMT:utility.obj
 0001:00000e18       __scrt_uninitialize_crt    0000000180001e18 f   LIBCMT:utility.obj
 0001:00000e44       _onexit                    0000000180001e44 f   LIBCMT:utility.obj
 0001:00000e94       atexit                     0000000180001e94 f   LIBCMT:utility.obj
 0001:00000eac       __security_init_cookie     0000000180001eac f   LIBCMT:gs_support.obj
 0001:00000f58       _get_startup_argv_mode     0000000180001f58 f   LIBCMT:argv_mode.obj
 0001:00000f58       DllMain                    0000000180001f58 f   LIBCMT:dll_dllmain_stub.obj
 0001:00000f60       ?__scrt_initialize_type_info@@YAXXZ 0000000180001f60 f   LIBCMT:tncleanup.obj
 0001:00000f70       ?__scrt_uninitialize_type_info@@YAXXZ 0000000180001f70 f   LIBCMT:tncleanup.obj
 0001:00000f7c       __local_stdio_printf_options 0000000180001f7c f i LIBCMT:default_local_stdio_options.obj
 0001:00000f84       __local_stdio_scanf_options 0000000180001f84 f i LIBCMT:default_local_stdio_options.obj
 0001:00000f8c       __scrt_initialize_default_local_stdio_options 0000000180001f8c f   LIBCMT:default_local_stdio_options.obj
 0001:00000fa8       __scrt_get_dyn_tls_init_callback 0000000180001fa8 f   LIBCMT:dyn_tls_init.obj
 0001:00000fb0       __crt_debugger_hook        0000000180001fb0 f   LIBCMT:utility_desktop.obj
 0001:00000fb8       __scrt_fastfail            0000000180001fb8 f   LIBCMT:utility_desktop.obj
 0001:00001100       _RTC_Initialize            0000000180002100 f   LIBCMT:_initsect_.obj
 0001:0000114c       _RTC_Terminate             000000018000214c f   LIBCMT:_initsect_.obj
 0001:00001198       _guard_check_icall         0000000180002198 f i LIBCMT:checkcfg.obj
 0001:000011a0       __isa_available_init       00000001800021a0 f   LIBCMT:_cpu_disp_.obj
 0001:00001364       __scrt_is_ucrt_dll_in_use  0000000180002364 f   LIBCMT:ucrt_detection.obj
 0001:00001370       __except_validate_context_record 0000000180002370 f i libvcruntime:jbcxrval.obj
 0001:00001370       _guard_check_icall_nop     0000000180002370 f i LIBCMT:guard_support.obj
 0001:00001384       __telemetry_main_invoke_trigger 0000000180002384 f   libvcruntime:telemetry.obj
 0001:0000149c       __telemetry_main_return_trigger 000000018000249c f   libvcruntime:telemetry.obj
 0001:000015b4       __vcrt_initialize_telemetry_provider 00000001800025b4 f   libvcruntime:telemetry.obj
 0001:000015c8       __vcrt_uninitialize_telemetry_provider 00000001800025c8 f   libvcruntime:telemetry.obj
 0001:000015e8       __C_specific_handler       00000001800025e8 f   libvcruntime:_chandler_.obj
 0001:000017e4       __vcrt_initialize          00000001800027e4 f   libvcruntime:initialization.obj
 0001:0000181c       __vcrt_thread_attach       000000018000281c f   libvcruntime:initialization.obj
 0001:00001830       __vcrt_thread_detach       0000000180002830 f   libvcruntime:initialization.obj
 0001:00001844       __vcrt_uninitialize        0000000180002844 f   libvcruntime:initialization.obj
 0001:00001870       __vcrt_uninitialize_critical 0000000180002870 f   libvcruntime:initialization.obj
 0001:00001880       __std_type_info_destroy_list 0000000180002880 f   libvcruntime:std_type_info.obj
 0001:000018c0       memset                     00000001800028c0 f   libvcruntime:memset.obj
 0001:00001c28       __vcrt_EventRegister       0000000180002c28 f   libvcruntime:winapi_downlevel.obj
 0001:00001cac       __vcrt_EventSetInformation 0000000180002cac f   libvcruntime:winapi_downlevel.obj
 0001:00001d30       __vcrt_EventUnregister     0000000180002d30 f   libvcruntime:winapi_downlevel.obj
 0001:00001d84       __vcrt_EventWriteTransfer  0000000180002d84 f   libvcruntime:winapi_downlevel.obj
 0001:00001e1c       __vcrt_FlsAlloc            0000000180002e1c f   libvcruntime:winapi_downlevel.obj
 0001:00001e70       __vcrt_FlsFree             0000000180002e70 f   libvcruntime:winapi_downlevel.obj
 0001:00001ec4       __vcrt_FlsGetValue         0000000180002ec4 f   libvcruntime:winapi_downlevel.obj
 0001:00001f18       __vcrt_FlsSetValue         0000000180002f18 f   libvcruntime:winapi_downlevel.obj
 0001:00001f80       __vcrt_InitializeCriticalSectionEx 0000000180002f80 f   libvcruntime:winapi_downlevel.obj
 0001:00001ff8       __vcrt_initialize_winapi_thunks 0000000180002ff8 f   libvcruntime:winapi_downlevel.obj
 0001:00002030       __vcrt_uninitialize_winapi_thunks 0000000180003030 f   libvcruntime:winapi_downlevel.obj
 0001:00002080       _local_unwind              0000000180003080 f   libvcruntime:_jmpuwind_.obj
 0001:000020b0       _NLG_Notify                00000001800030b0 f   libvcruntime:_jmpuwind_.obj
 0001:000020d0       __NLG_Dispatch2            00000001800030d0 f   libvcruntime:_jmpuwind_.obj
 0001:000020e0       __NLG_Return2              00000001800030e0 f   libvcruntime:_jmpuwind_.obj
 0001:000020e4       __vcrt_freefls             00000001800030e4 f   libvcruntime:per_thread_data.obj
 0001:00002104       __vcrt_freeptd             0000000180003104 f   libvcruntime:per_thread_data.obj
 0001:00002154       __vcrt_getptd_noexit       0000000180003154 f   libvcruntime:per_thread_data.obj
 0001:0000220c       __vcrt_initialize_ptd      000000018000320c f   libvcruntime:per_thread_data.obj
 0001:0000224c       __vcrt_uninitialize_ptd    000000018000324c f   libvcruntime:per_thread_data.obj
 0001:00002270       __vcrt_initialize_locks    0000000180003270 f   libvcruntime:locks.obj
 0001:000022b8       __vcrt_uninitialize_locks  00000001800032b8 f   libvcruntime:locks.obj
 0001:000022f0       __vcrt_initialize_pure_virtual_call_handler 00000001800032f0 f   libvcruntime:purevirt_data.obj
 0001:00002314       ??0_LocaleUpdate@@QEAA@QEAU__crt_locale_pointers@@@Z 0000000180003314 f i libucrt:stricmp.obj
 0001:000023a4       __ascii_stricmp            00000001800033a4 f   libucrt:stricmp.obj
 0001:000023e0       _stricmp                   00000001800033e0 f   libucrt:stricmp.obj
 0001:00002428       _stricmp_l                 0000000180003428 f   libucrt:stricmp.obj
 0001:000024dc       _initterm                  00000001800034dc f   libucrt:initterm.obj
 0001:00002554       _initterm_e                0000000180003554 f   libucrt:initterm.obj
 0001:000025a0       _seh_filter_dll            00000001800035a0 f   libucrt:exception_filter.obj
 0001:000025b4       _seh_filter_exe            00000001800035b4 f   libucrt:exception_filter.obj
 0001:00002974       __acrt_initialize_thread_local_exit_callback 0000000180003974 f   libucrt:exit.obj
 0001:0000297c       _cexit                     000000018000397c f   libucrt:exit.obj
 0001:0000298c       _exit                      000000018000398c f   libucrt:exit.obj
 0001:00002998       _is_c_termination_complete 0000000180003998 f   libucrt:exit.obj
 0001:00002b5c       __acrt_allocate_buffer_for_argv 0000000180003b5c f   libucrt:argv_parsing.obj
 0001:00002bc0       _configure_narrow_argv     0000000180003bc0 f   libucrt:argv_parsing.obj
 0001:00002f1c       __dcrt_uninitialize_environments_nolock 0000000180003f1c f   libucrt:environment_initialization.obj
 0001:00002f54       _initialize_narrow_environment 0000000180003f54 f   libucrt:environment_initialization.obj
 0001:00002f5c       ??$?RV<lambda_b8c45f8f788dd370798f47cfe8ac3a86>@@AEAV<lambda_4e60a939b0d047cfe11ddc22648dfba9>@@V<lambda_332c3edc96d0294ec56c57d38c1cdfd5>@@@?$__crt_seh_guarded_call@H@@QEAAH$$QEAV<lambda_b8c45f8f788dd370798f47cfe8ac3a86>@@AEAV<lambda_4e60a939b0d047cfe11ddc22648dfba9>@@$$QEAV<lambda_332c3edc96d0294ec56c57d38c1cdfd5>@@@Z 0000000180003f5c f i libucrt:onexit.obj
 0001:00002f98       ??$?RV<lambda_e24bbb7b643b32fcea6fa61b31d4c984>@@AEAV<lambda_275893d493268fdec8709772e3fcec0e>@@V<lambda_9d71df4d7cf3f480f8d633942495c3b0>@@@?$__crt_seh_guarded_call@H@@QEAAH$$QEAV<lambda_e24bbb7b643b32fcea6fa61b31d4c984>@@AEAV<lambda_275893d493268fdec8709772e3fcec0e>@@$$QEAV<lambda_9d71df4d7cf3f480f8d633942495c3b0>@@@Z 0000000180003f98 f i libucrt:onexit.obj
 0001:00003314       _crt_atexit                0000000180004314 f   libucrt:onexit.obj
 0001:00003324       _execute_onexit_table      0000000180004324 f   libucrt:onexit.obj
 0001:00003360       _initialize_onexit_table   0000000180004360 f   libucrt:onexit.obj
 0001:000033a0       _register_onexit_function  00000001800043a0 f   libucrt:onexit.obj
 0001:0000351c       __acrt_uninitialize_command_line 000000018000451c f   libucrt:argv_data.obj
 0001:00003520       __acrt_initialize          0000000180004520 f   libucrt:initialization.obj
 0001:00003534       __acrt_thread_attach       0000000180004534 f   libucrt:initialization.obj
 0001:00003548       __acrt_thread_detach       0000000180004548 f   libucrt:initialization.obj
 0001:00003558       __acrt_uninitialize        0000000180004558 f   libucrt:initialization.obj
 0001:0000356c       __acrt_uninitialize_critical 000000018000456c f   libucrt:initialization.obj
 0001:0000357c       terminate                  000000018000457c f   libucrt:terminate.obj
 0001:000035a4       _free_base                 00000001800045a4 f   libucrt:free_base.obj
 0001:000035e4       _malloc_base               00000001800045e4 f   libucrt:malloc_base.obj
 0001:00003644       strcpy_s                   0000000180004644 f   libucrt:strcpy_s.obj
 0001:000036a4       abort                      00000001800046a4 f   libucrt:abort.obj
 0001:000036fc       _calloc_base               00000001800046fc f   libucrt:calloc_base.obj
 0001:00003774       __acrt_call_reportfault    0000000180004774 f   libucrt:invalid_parameter.obj
 0001:000038d0       __acrt_initialize_invalid_parameter_handler 00000001800048d0 f   libucrt:invalid_parameter.obj
 0001:000038d8       _invalid_parameter         00000001800048d8 f   libucrt:invalid_parameter.obj
 0001:00003980       _invalid_parameter_noinfo  0000000180004980 f   libucrt:invalid_parameter.obj
 0001:000039a0       _invoke_watson             00000001800049a0 f   libucrt:invalid_parameter.obj
 0001:000039e8       __acrt_errno_from_os_error 00000001800049e8 f   libucrt:errno.obj
 0001:00003a30       __acrt_errno_map_os_error  0000000180004a30 f   libucrt:errno.obj
 0001:00003a80       __doserrno                 0000000180004a80 f   libucrt:errno.obj
 0001:00003aa0       _errno                     0000000180004aa0 f   libucrt:errno.obj
 0001:00003b10       _tolower_l                 0000000180004b10 f   libucrt:tolower_toupper.obj
 0001:00003c50       ??$?RV<lambda_46352004c1216016012b18bd6f87e700>@@AEAV<lambda_3bd07e1a1191394380780325891bf33f>@@V<lambda_334532d3f185bcaa59b5be82d7d22bff>@@@?$__crt_seh_guarded_call@X@@QEAAX$$QEAV<lambda_46352004c1216016012b18bd6f87e700>@@AEAV<lambda_3bd07e1a1191394380780325891bf33f>@@$$QEAV<lambda_334532d3f185bcaa59b5be82d7d22bff>@@@Z 0000000180004c50 f i libucrt:per_thread_data.obj
 0001:00003cb0       ??$?RV<lambda_5e887d1dcbef67a5eb4283622ba103bf>@@AEAV<lambda_4466841279450cc726390878d4a41900>@@V<lambda_341c25c0346d94847f1f3c463c57e077>@@@?$__crt_seh_guarded_call@X@@QEAAX$$QEAV<lambda_5e887d1dcbef67a5eb4283622ba103bf>@@AEAV<lambda_4466841279450cc726390878d4a41900>@@$$QEAV<lambda_341c25c0346d94847f1f3c463c57e077>@@@Z 0000000180004cb0 f i libucrt:per_thread_data.obj
 0001:00003cf8       ??$?RV<lambda_72d1df2b273a38828b1ce30cbf4cdab5>@@AEAV<lambda_876a65b173b8412d3a47c70a915b0cf4>@@V<lambda_41932305e351933ebe8f8be3ed8bb5dc>@@@?$__crt_seh_guarded_call@X@@QEAAX$$QEAV<lambda_72d1df2b273a38828b1ce30cbf4cdab5>@@AEAV<lambda_876a65b173b8412d3a47c70a915b0cf4>@@$$QEAV<lambda_41932305e351933ebe8f8be3ed8bb5dc>@@@Z 0000000180004cf8 f i libucrt:per_thread_data.obj
 0001:00003d38       ??$?RV<lambda_fb3a7dec4e47f37f22dae91bb15c9095>@@AEAV<lambda_698284760c8add0bfb0756c19673e34b>@@V<lambda_dfb8eca1e75fef3034a8fb18dd509707>@@@?$__crt_seh_guarded_call@X@@QEAAX$$QEAV<lambda_fb3a7dec4e47f37f22dae91bb15c9095>@@AEAV<lambda_698284760c8add0bfb0756c19673e34b>@@$$QEAV<lambda_dfb8eca1e75fef3034a8fb18dd509707>@@@Z 0000000180004d38 f i libucrt:per_thread_data.obj
 0001:00003fc8       __acrt_freeptd             0000000180004fc8 f   libucrt:per_thread_data.obj
 0001:0000400c       __acrt_getptd              000000018000500c f   libucrt:per_thread_data.obj
 0001:000040a0       __acrt_getptd_noexit       00000001800050a0 f   libucrt:per_thread_data.obj
 0001:00004140       __acrt_initialize_ptd      0000000180005140 f   libucrt:per_thread_data.obj
 0001:0000417c       __acrt_uninitialize_ptd    000000018000517c f   libucrt:per_thread_data.obj
 0001:000041a0       __acrt_update_locale_info  00000001800051a0 f   libucrt:locale_update.obj
 0001:000041d4       __acrt_update_multibyte_info 00000001800051d4 f   libucrt:locale_update.obj
 0001:00004208       __acrt_set_locale_changed  0000000180005208 f   libucrt:wsetlocale.obj
 0001:00004214       __acrt_uninitialize_locale 0000000180005214 f   libucrt:wsetlocale.obj
 0001:0000425c       __acrt_initialize_locks    000000018000525c f   libucrt:locks.obj
 0001:000042a4       __acrt_lock                00000001800052a4 f   libucrt:locks.obj
 0001:000042c0       __acrt_uninitialize_locks  00000001800052c0 f   libucrt:locks.obj
 0001:000042f8       __acrt_unlock              00000001800052f8 f   libucrt:locks.obj
 0001:000044b4       __acrt_FlsAlloc            00000001800054b4 f   libucrt:winapi_thunks.obj
 0001:0000450c       __acrt_FlsFree             000000018000550c f   libucrt:winapi_thunks.obj
 0001:00004564       __acrt_FlsGetValue         0000000180005564 f   libucrt:winapi_thunks.obj
 0001:000045bc       __acrt_FlsSetValue         00000001800055bc f   libucrt:winapi_thunks.obj
 0001:00004624       __acrt_InitializeCriticalSectionEx 0000000180005624 f   libucrt:winapi_thunks.obj
 0001:0000469c       __acrt_LCMapStringEx       000000018000569c f   libucrt:winapi_thunks.obj
 0001:0000478c       __acrt_LocaleNameToLCID    000000018000578c f   libucrt:winapi_thunks.obj
 0001:000047f4       __acrt_initialize_winapi_thunks 00000001800057f4 f   libucrt:winapi_thunks.obj
 0001:0000482c       __acrt_is_packaged_app     000000018000582c f   libucrt:winapi_thunks.obj
 0001:000048b4       __acrt_uninitialize_winapi_thunks 00000001800058b4 f   libucrt:winapi_thunks.obj
 0001:00004dd4       ?expand_if_necessary@?$argument_list@D@?A0xca0879c4@@AEAAHXZ 0000000180005dd4 f i libucrt:argv_wildcards.obj
 0001:00004e9c       __acrt_expand_narrow_argv_wildcards 0000000180005e9c f   libucrt:argv_wildcards.obj
 0001:00004ea4       ??$?RV<lambda_99476a1ad63dd22509b5d3e65b0ffc95>@@AEAV<lambda_ad1ced32f4ac17aa236e5ef05d6b3b7c>@@V<lambda_f7424dd8d45958661754dc4f2697e9c3>@@@?$__crt_seh_guarded_call@X@@QEAAX$$QEAV<lambda_99476a1ad63dd22509b5d3e65b0ffc95>@@AEAV<lambda_ad1ced32f4ac17aa236e5ef05d6b3b7c>@@$$QEAV<lambda_f7424dd8d45958661754dc4f2697e9c3>@@@Z 0000000180005ea4 f i libucrt:mbctype.obj
 0001:000055a0       __acrt_initialize_multibyte 00000001800065a0 f   libucrt:mbctype.obj
 0001:000055c8       __acrt_update_thread_multibyte_data 00000001800065c8 f   libucrt:mbctype.obj
 0001:00005688       _setmbcp_nolock            0000000180006688 f   libucrt:mbctype.obj
 0001:000059a8       _ismbblead                 00000001800069a8 f   libucrt:ismbbyte.obj
 0001:000059bc       __acrt_initialize_command_line 00000001800069bc f   libucrt:argv_data.obj
 0001:000059e4       __dcrt_get_narrow_environment_from_os 00000001800069e4 f   libucrt:get_environment_from_os.obj
 0001:00005ae8       _recalloc                  0000000180006ae8 f   libucrt:recalloc.obj
 0001:00005af0       _recalloc_base             0000000180006af0 f   libucrt:recalloc.obj
 0001:00005b88       __acrt_initialize_heap     0000000180006b88 f   libucrt:heap_handle.obj
 0001:00005ba4       __acrt_uninitialize_heap   0000000180006ba4 f   libucrt:heap_handle.obj
 0001:00005d98       __acrt_initialize_lowio    0000000180006d98 f   libucrt:ioinit.obj
 0001:00005dd4       __acrt_uninitialize_lowio  0000000180006dd4 f   libucrt:ioinit.obj
 0001:00005e14       __acrt_execute_initializers 0000000180006e14 f   libucrt:shared_initialization.obj
 0001:00005ea8       __acrt_execute_uninitializers 0000000180006ea8 f   libucrt:shared_initialization.obj
 0001:00005ef8       __acrt_initialize_new_handler 0000000180006ef8 f   libucrt:new_handler.obj
 0001:00005f00       _callnewh                  0000000180006f00 f   libucrt:new_handler.obj
 0001:00005f40       _query_new_handler         0000000180006f40 f   libucrt:new_handler.obj
 0001:00005f74       ??$?RV<lambda_c36588078e9f5dfd39652860aa6b3aaf>@@AEAV<lambda_ec61778202f4f5fc7e7711acc23c3bca>@@V<lambda_dc9d2797ccde5d239b4a0efae8ebd7db>@@@?$__crt_seh_guarded_call@P6AXH@Z@@QEAAP6AXH@Z$$QEAV<lambda_c36588078e9f5dfd39652860aa6b3aaf>@@AEAV<lambda_ec61778202f4f5fc7e7711acc23c3bca>@@$$QEAV<lambda_dc9d2797ccde5d239b4a0efae8ebd7db>@@@Z 0000000180006f74 f i libucrt:signal.obj
 0001:00005fbc       __acrt_get_sigabrt_handler 0000000180006fbc f   libucrt:signal.obj
 0001:00005fec       __acrt_initialize_signal_handlers 0000000180006fec f   libucrt:signal.obj
 0001:0000600c       raise                      000000018000700c f   libucrt:signal.obj
 0001:000062a8       __acrt_has_user_matherr    00000001800072a8 f   libucrt:matherr.obj
 0001:000062c8       __acrt_initialize_user_matherr 00000001800072c8 f   libucrt:matherr.obj
 0001:000062d0       __acrt_invoke_user_matherr 00000001800072d0 f   libucrt:matherr.obj
 0001:00006318       _query_new_mode            0000000180007318 f   libucrt:new_mode.obj
 0001:00006320       _mbtowc_l                  0000000180007320 f   libucrt:mbtowc.obj
 0001:00006468       mbtowc                     0000000180007468 f   libucrt:mbtowc.obj
 0001:00006470       _fileno                    0000000180007470 f   libucrt:fileno.obj
 0001:00006498       __acrt_initialize_stdio    0000000180007498 f   libucrt:_file.obj
 0001:000065b8       __acrt_uninitialize_stdio  00000001800075b8 f   libucrt:_file.obj
 0001:00006614       _lock_file                 0000000180007614 f   libucrt:_file.obj
 0001:00006620       _unlock_file               0000000180007620 f   libucrt:_file.obj
 0001:0000662c       __pctype_func              000000018000762c f   libucrt:ctype.obj
 0001:0000665c       _isctype_l                 000000018000765c f   libucrt:isctype.obj
 0001:0000676c       _isleadbyte_l              000000018000776c f i libucrt:_wctype.obj
 0001:00006b08       __acrt_LCMapStringA        0000000180007b08 f   libucrt:lcmapstringa.obj
 0001:00006ba0       __acrt_add_locale_ref      0000000180007ba0 f   libucrt:locale_refcounting.obj
 0001:00006c2c       __acrt_free_locale         0000000180007c2c f   libucrt:locale_refcounting.obj
 0001:00006da4       __acrt_locale_add_lc_time_reference 0000000180007da4 f   libucrt:locale_refcounting.obj
 0001:00006dcc       __acrt_locale_free_lc_time_if_unreferenced 0000000180007dcc f   libucrt:locale_refcounting.obj
 0001:00006e04       __acrt_locale_release_lc_time_reference 0000000180007e04 f   libucrt:locale_refcounting.obj
 0001:00006e2c       __acrt_release_locale_ref  0000000180007e2c f   libucrt:locale_refcounting.obj
 0001:00006ed4       __acrt_update_thread_locale_data 0000000180007ed4 f   libucrt:locale_refcounting.obj
 0001:00006f44       _updatetlocinfoEx_nolock   0000000180007f44 f   libucrt:locale_refcounting.obj
 0001:00006fac       __acrt_locale_free_monetary 0000000180007fac f   libucrt:initmon.obj
 0001:000070b8       __acrt_locale_free_numeric 00000001800080b8 f   libucrt:initnum.obj
 0001:0000717c       __acrt_locale_free_time    000000018000817c f   libucrt:inittime.obj
 0001:00007284       __acrt_GetStringTypeA      0000000180008284 f   libucrt:getstringtypea.obj
 0001:00007500       __acrt_DownlevelLocaleNameToLCID 0000000180008500 f   libucrt:lcidtoname_downlevel.obj
 0001:00007610       qsort                      0000000180008610 f   libucrt:qsort.obj
 0001:00007944       strncpy_s                  0000000180008944 f   libucrt:strncpy_s.obj
 0001:00007a18       strpbrk                    0000000180008a18 f   libucrt:strpbrk.obj
 0001:00007ab8       _mbsdec                    0000000180008ab8 f   libucrt:mbsdec.obj
 0001:00007ac0       _mbsdec_l                  0000000180008ac0 f   libucrt:mbsdec.obj
 0001:00007b70       _msize                     0000000180008b70 f   libucrt:msize.obj
 0001:00007bac       _realloc_base              0000000180008bac f   libucrt:realloc_base.obj
 0001:00007c30       __acrt_lowio_create_handle_array 0000000180008c30 f   libucrt:osfinfo.obj
 0001:00007cc8       __acrt_lowio_destroy_handle_array 0000000180008cc8 f   libucrt:osfinfo.obj
 0001:00007d18       __acrt_lowio_ensure_fh_exists 0000000180008d18 f   libucrt:osfinfo.obj
 0001:00007dd0       __acrt_lowio_lock_fh       0000000180008dd0 f   libucrt:osfinfo.obj
 0001:00007df4       __acrt_lowio_unlock_fh     0000000180008df4 f   libucrt:osfinfo.obj
 0001:00007e18       _free_osfhnd               0000000180008e18 f   libucrt:osfinfo.obj
 0001:00007ed4       _get_osfhandle             0000000180008ed4 f   libucrt:osfinfo.obj
 0001:00007f4c       _isatty                    0000000180008f4c f   libucrt:isatty.obj
 0001:00007fac       __acrt_stdio_flush_nolock  0000000180008fac f   libucrt:fflush.obj
 0001:00008024       _fflush_nolock             0000000180009024 f   libucrt:fflush.obj
 0001:00008070       _flushall                  0000000180009070 f   libucrt:fflush.obj
 0001:00008160       _fcloseall                 0000000180009160 f   libucrt:closeall.obj
 0001:00008214       __acrt_stdio_free_buffer_nolock 0000000180009214 f   libucrt:_freebuf.obj
 0001:00008254       __strncnt                  0000000180009254 f   libucrt:strncnt.obj
 0001:0000826c       _query_app_type            000000018000926c f   libucrt:report_runtime_error.obj
 0001:00008274       ??$?RV<lambda_b521505b218e5242e90febf6bfebc422>@@AEAV<lambda_6978c1fb23f02e42e1d9e99668cc68aa>@@V<lambda_314360699dd331753a4119843814e9a7>@@@?$__crt_seh_guarded_call@H@@QEAAH$$QEAV<lambda_b521505b218e5242e90febf6bfebc422>@@AEAV<lambda_6978c1fb23f02e42e1d9e99668cc68aa>@@$$QEAV<lambda_314360699dd331753a4119843814e9a7>@@@Z 0000000180009274 f i libucrt:commit.obj
 0001:00008300       _commit                    0000000180009300 f   libucrt:commit.obj
 0001:00008934       _write                     0000000180009934 f   libucrt:write.obj
 0001:00008a20       _write_nolock              0000000180009a20 f   libucrt:write.obj
 0001:00008d10       log10                      0000000180009d10 f   libucrt:log10.obj
 0001:00009358       _lseeki64_nolock           000000018000a358 f   libucrt:lseek.obj
 0001:00009360       _fclose_nolock             000000018000a360 f   libucrt:fclose.obj
 0001:000093e4       fclose                     000000018000a3e4 f   libucrt:fclose.obj
 0001:00009450       _putwch_nolock             000000018000a450 f   libucrt:putwch.obj
 0001:000095d0       _handle_error              000000018000a5d0 f   libucrt:libm_error.obj
 0001:00009700       __acrt_initialize_fma3     000000018000a700 f   libucrt:fma3_available.obj
 0001:00009770       _log10_special             000000018000a770 f   libucrt:log_special.obj
 0001:00009828       ??$?RV<lambda_bfedae4ebbf01fab1bb6dcc6a9e276e0>@@AEAV<lambda_2fe9b910cf3cbf4a0ab98a02ba45b3ec>@@V<lambda_237c231691f317818eb88cc1d5d642d6>@@@?$__crt_seh_guarded_call@H@@QEAAH$$QEAV<lambda_bfedae4ebbf01fab1bb6dcc6a9e276e0>@@AEAV<lambda_2fe9b910cf3cbf4a0ab98a02ba45b3ec>@@$$QEAV<lambda_237c231691f317818eb88cc1d5d642d6>@@@Z 000000018000a828 f i libucrt:close.obj
 0001:0000989c       _close                     000000018000a89c f   libucrt:close.obj
 0001:00009940       _close_nolock              000000018000a940 f   libucrt:close.obj
 0001:000099fc       ?__acrt_stdio_free_stream@@YAXV__crt_stdio_stream@@@Z 000000018000a9fc f   libucrt:stream.obj
 0001:00009a40       __dcrt_lowio_initialize_console_output 000000018000aa40 f   libucrt:initcon.obj
 0001:00009a7c       __dcrt_terminate_console_output 000000018000aa7c f   libucrt:initcon.obj
 0001:00009ab0       _get_fpsr                  000000018000aab0 f   libucrt:fpsr.obj
 0001:00009ac0       _set_fpsr                  000000018000aac0 f   libucrt:fpsr.obj
 0001:00009aca       _fclrf                     000000018000aaca f   libucrt:fpsr.obj
 0001:00009ade       _frnd                      000000018000aade f   libucrt:fpsr.obj
 0001:00009b00       _raise_exc                 000000018000ab00 f   libucrt:fpexcept.obj
 0001:00009b28       _raise_exc_ex              000000018000ab28 f   libucrt:fpexcept.obj
 0001:00009e30       _set_errno_from_matherr    000000018000ae30 f   libucrt:fpexcept.obj
 0001:00009e60       _clrfp                     000000018000ae60 f   libucrt:fpctrl.obj
 0001:00009e80       _ctrlfp                    000000018000ae80 f   libucrt:fpctrl.obj
 0001:00009efc       _set_statfp                000000018000aefc f   libucrt:fpctrl.obj
 0001:00009f1c       _statfp                    000000018000af1c f   libucrt:fpctrl.obj
 0001:00009f2e       IsProcessorFeaturePresent  000000018000af2e f   kernel32:KERNEL32.dll
 0001:00009f34       RtlUnwindEx                000000018000af34 f   kernel32:KERNEL32.dll
 0001:00009f3a       SystemFunction036          000000018000af3a f   advapi32:ADVAPI32.dll
 0001:00009f40       ?DloadAcquireSectionWriteAccess@@YAXXZ 000000018000af40 f i DelayImp:delayhlp.obj
 0001:00009ffc       ?DloadGetSRWLockFunctionPointers@@YAEXZ 000000018000affc f i DelayImp:delayhlp.obj
 0001:0000a098       ?DloadMakePermanentImageCommit@@YAXPEAX_K@Z 000000018000b098 f i DelayImp:delayhlp.obj
 0001:0000a130       ?DloadObtainSection@@YAPEAXPEAK0@Z 000000018000b130 f i DelayImp:delayhlp.obj
 0001:0000a1c8       ?DloadProtectSection@@YAXKPEAK@Z 000000018000b1c8 f i DelayImp:delayhlp.obj
 0001:0000a258       ?DloadReleaseSectionWriteAccess@@YAXXZ 000000018000b258 f i DelayImp:delayhlp.obj
 0001:0000a2fc       __delayLoadHelper2         000000018000b2fc f   DelayImp:delayhlp.obj
 0001:0000a604       __GSHandlerCheck           000000018000b604 f   LIBCMT:_gshandler_.obj
 0001:0000a624       __GSHandlerCheckCommon     000000018000b624 f   LIBCMT:_gshandler_.obj
 0001:0000a680       _FindPESection             000000018000b680 f   LIBCMT:pesect.obj
 0001:0000a6d0       _IsNonwritableInCurrentImage 000000018000b6d0 f   LIBCMT:pesect.obj
 0001:0000a720       _ValidateImageBase         000000018000b720 f   LIBCMT:pesect.obj
 0001:0000a760       __chkstk                   000000018000b760 f   LIBCMT:_chkstk_.obj
 0001:0000a760       _alloca_probe              000000018000b760 f   LIBCMT:_chkstk_.obj
 0001:0000a7d0       memcpy                     000000018000b7d0 f   libvcruntime:memcpy.obj
 0001:0000a7d0       memmove                    000000018000b7d0 f   libvcruntime:memcpy.obj
 0001:0000ac20       memcmp                     000000018000bc20 f   libvcruntime:memcmp.obj
 0001:0000ad00       _guard_dispatch_icall_nop  000000018000bd00 f   LIBCMT:_guard_dispatch_.obj
 0002:00000000       __imp_SystemFunction036    000000018000c000     advapi32:ADVAPI32.dll
 0002:00000008       \177ADVAPI32_NULL_THUNK_DATA 000000018000c008     advapi32:ADVAPI32.dll
 0002:00000010       __imp_RtlCaptureContext    000000018000c010     kernel32:KERNEL32.dll
 0002:00000018       __imp_RtlLookupFunctionEntry 000000018000c018     kernel32:KERNEL32.dll
 0002:00000020       __imp_RtlVirtualUnwind     000000018000c020     kernel32:KERNEL32.dll
 0002:00000028       __imp_UnhandledExceptionFilter 000000018000c028     kernel32:KERNEL32.dll
 0002:00000030       __imp_SetUnhandledExceptionFilter 000000018000c030     kernel32:KERNEL32.dll
 0002:00000038       __imp_GetCurrentProcess    000000018000c038     kernel32:KERNEL32.dll
 0002:00000040       __imp_TerminateProcess     000000018000c040     kernel32:KERNEL32.dll
 0002:00000048       __imp_IsProcessorFeaturePresent 000000018000c048     kernel32:KERNEL32.dll
 0002:00000050       __imp_QueryPerformanceCounter 000000018000c050     kernel32:KERNEL32.dll
 0002:00000058       __imp_GetCurrentProcessId  000000018000c058     kernel32:KERNEL32.dll
 0002:00000060       __imp_GetCurrentThreadId   000000018000c060     kernel32:KERNEL32.dll
 0002:00000068       __imp_GetSystemTimeAsFileTime 000000018000c068     kernel32:KERNEL32.dll
 0002:00000070       __imp_InitializeSListHead  000000018000c070     kernel32:KERNEL32.dll
 0002:00000078       __imp_IsDebuggerPresent    000000018000c078     kernel32:KERNEL32.dll
 0002:00000080       __imp_GetStartupInfoW      000000018000c080     kernel32:KERNEL32.dll
 0002:00000088       __imp_GetModuleHandleW     000000018000c088     kernel32:KERNEL32.dll
 0002:00000090       __imp_GetLastError         000000018000c090     kernel32:KERNEL32.dll
 0002:00000098       __imp_GetModuleFileNameW   000000018000c098     kernel32:KERNEL32.dll
 0002:000000a0       __imp_RtlUnwindEx          000000018000c0a0     kernel32:KERNEL32.dll
 0002:000000a8       __imp_InterlockedFlushSList 000000018000c0a8     kernel32:KERNEL32.dll
 0002:000000b0       __imp_InitializeCriticalSectionAndSpinCount 000000018000c0b0     kernel32:KERNEL32.dll
 0002:000000b8       __imp_TlsAlloc             000000018000c0b8     kernel32:KERNEL32.dll
 0002:000000c0       __imp_TlsGetValue          000000018000c0c0     kernel32:KERNEL32.dll
 0002:000000c8       __imp_TlsSetValue          000000018000c0c8     kernel32:KERNEL32.dll
 0002:000000d0       __imp_TlsFree              000000018000c0d0     kernel32:KERNEL32.dll
 0002:000000d8       __imp_FreeLibrary          000000018000c0d8     kernel32:KERNEL32.dll
 0002:000000e0       __imp_GetProcAddress       000000018000c0e0     kernel32:KERNEL32.dll
 0002:000000e8       __imp_LoadLibraryExW       000000018000c0e8     kernel32:KERNEL32.dll
 0002:000000f0       __imp_SetLastError         000000018000c0f0     kernel32:KERNEL32.dll
 0002:000000f8       __imp_EnterCriticalSection 000000018000c0f8     kernel32:KERNEL32.dll
 0002:00000100       __imp_LeaveCriticalSection 000000018000c100     kernel32:KERNEL32.dll
 0002:00000108       __imp_DeleteCriticalSection 000000018000c108     kernel32:KERNEL32.dll
 0002:00000110       __imp_ExitProcess          000000018000c110     kernel32:KERNEL32.dll
 0002:00000118       __imp_GetModuleHandleExW   000000018000c118     kernel32:KERNEL32.dll
 0002:00000120       __imp_GetModuleFileNameA   000000018000c120     kernel32:KERNEL32.dll
 0002:00000128       __imp_MultiByteToWideChar  000000018000c128     kernel32:KERNEL32.dll
 0002:00000130       __imp_WideCharToMultiByte  000000018000c130     kernel32:KERNEL32.dll
 0002:00000138       __imp_HeapFree             000000018000c138     kernel32:KERNEL32.dll
 0002:00000140       __imp_HeapAlloc            000000018000c140     kernel32:KERNEL32.dll
 0002:00000148       __imp_GetACP               000000018000c148     kernel32:KERNEL32.dll
 0002:00000150       __imp_LCMapStringW         000000018000c150     kernel32:KERNEL32.dll
 0002:00000158       __imp_FindClose            000000018000c158     kernel32:KERNEL32.dll
 0002:00000160       __imp_FindFirstFileExA     000000018000c160     kernel32:KERNEL32.dll
 0002:00000168       __imp_FindNextFileA        000000018000c168     kernel32:KERNEL32.dll
 0002:00000170       __imp_IsValidCodePage      000000018000c170     kernel32:KERNEL32.dll
 0002:00000178       __imp_GetOEMCP             000000018000c178     kernel32:KERNEL32.dll
 0002:00000180       __imp_GetCPInfo            000000018000c180     kernel32:KERNEL32.dll
 0002:00000188       __imp_GetCommandLineA      000000018000c188     kernel32:KERNEL32.dll
 0002:00000190       __imp_GetCommandLineW      000000018000c190     kernel32:KERNEL32.dll
 0002:00000198       __imp_GetEnvironmentStringsW 000000018000c198     kernel32:KERNEL32.dll
 0002:000001a0       __imp_FreeEnvironmentStringsW 000000018000c1a0     kernel32:KERNEL32.dll
 0002:000001a8       __imp_GetProcessHeap       000000018000c1a8     kernel32:KERNEL32.dll
 0002:000001b0       __imp_GetStdHandle         000000018000c1b0     kernel32:KERNEL32.dll
 0002:000001b8       __imp_GetFileType          000000018000c1b8     kernel32:KERNEL32.dll
 0002:000001c0       __imp_GetStringTypeW       000000018000c1c0     kernel32:KERNEL32.dll
 0002:000001c8       __imp_HeapSize             000000018000c1c8     kernel32:KERNEL32.dll
 0002:000001d0       __imp_HeapReAlloc          000000018000c1d0     kernel32:KERNEL32.dll
 0002:000001d8       __imp_SetStdHandle         000000018000c1d8     kernel32:KERNEL32.dll
 0002:000001e0       __imp_WriteFile            000000018000c1e0     kernel32:KERNEL32.dll
 0002:000001e8       __imp_FlushFileBuffers     000000018000c1e8     kernel32:KERNEL32.dll
 0002:000001f0       __imp_GetConsoleCP         000000018000c1f0     kernel32:KERNEL32.dll
 0002:000001f8       __imp_GetConsoleMode       000000018000c1f8     kernel32:KERNEL32.dll
 0002:00000200       __imp_SetFilePointerEx     000000018000c200     kernel32:KERNEL32.dll
 0002:00000208       __imp_CloseHandle          000000018000c208     kernel32:KERNEL32.dll
 0002:00000210       __imp_WriteConsoleW        000000018000c210     kernel32:KERNEL32.dll
 0002:00000218       __imp_CreateFileW          000000018000c218     kernel32:KERNEL32.dll
 0002:00000220       __imp_RaiseException       000000018000c220     kernel32:KERNEL32.dll
 0002:00000228       __imp_GetModuleHandleA     000000018000c228     kernel32:KERNEL32.dll
 0002:00000230       __imp_GetSystemInfo        000000018000c230     kernel32:KERNEL32.dll
 0002:00000238       __imp_VirtualProtect       000000018000c238     kernel32:KERNEL32.dll
 0002:00000240       __imp_VirtualQuery         000000018000c240     kernel32:KERNEL32.dll
 0002:00000248       __imp_LoadLibraryExA       000000018000c248     kernel32:KERNEL32.dll
 0002:00000250       \177KERNEL32_NULL_THUNK_DATA 000000018000c250     kernel32:KERNEL32.dll
 0002:00000258       __guard_check_icall_fptr   000000018000c258     LIBCMT:guard_support.obj
 0002:00000260       __guard_dispatch_icall_fptr 000000018000c260     LIBCMT:guard_support.obj
 0002:00000268       __xc_a                     000000018000c268     LIBCMT:initializers.obj
 0002:00000270       _register_addon_           000000018000c270     hello.obj
 0002:00000278       __xc_z                     000000018000c278     LIBCMT:initializers.obj
 0002:00000280       __xi_a                     000000018000c280     LIBCMT:initializers.obj
 0002:00000288       __acrt_multibyte_initializer 000000018000c288     libucrt:multibyte_initializer.obj
 0002:00000290       __acrt_stdio_initializer   000000018000c290     libucrt:stdio_initializer.obj
 0002:00000298       __acrt_tran_fma3_initializer 000000018000c298     libucrt:fma3_initializer.obj
 0002:000002a0       __xi_z                     000000018000c2a0     LIBCMT:initializers.obj
 0002:000002a8       __xp_a                     000000018000c2a8     LIBCMT:initializers.obj
 0002:000002b0       __acrt_locale_terminator   000000018000c2b0     libucrt:locale_initializer.obj
 0002:000002b8       __dcrt_console_output_terminator 000000018000c2b8     libucrt:console_output_initializer.obj
 0002:000002c0       __acrt_stdio_terminator    000000018000c2c0     libucrt:stdio_initializer.obj
 0002:000002c8       __xp_z                     000000018000c2c8     LIBCMT:initializers.obj
 0002:000002d0       __xt_a                     000000018000c2d0     LIBCMT:initializers.obj
 0002:000002d8       __xt_z                     000000018000c2d8     LIBCMT:initializers.obj
 0002:000002e0       __sz_node_exe              000000018000c2e0     node:node.exe
 0002:000002f0       _pRawDllMain               000000018000c2f0     LIBCMT:dll_dllmain.obj
 0002:000002f0       _pDefaultRawDllMain        000000018000c2f0     LIBCMT:dll_dllmain.obj
 0002:00000308       _Microsoft_CRTProvider     000000018000c308     libvcruntime:telemetry.obj
 0002:00000310       ??_C@_00CNPNBAHC@?$AA@     000000018000c310     libvcruntime:telemetry.obj
 0002:00000314       ??_C@_11LOCGONAA@?$AA?$AA@ 000000018000c314     libvcruntime:telemetry.obj
 0002:00000318       ??_C@_0O@JEOPJOMI@Main?5Invoked?4?$AA@ 000000018000c318     libvcruntime:telemetry.obj
 0002:00000328       ??_C@_0P@NEAEIBDO@Main?5Returned?4?$AA@ 000000018000c328     libvcruntime:telemetry.obj
 0002:00000358       ??_C@_1BC@DNHGCMLG@?$AAa?$AAd?$AAv?$AAa?$AAp?$AAi?$AA3?$AA2?$AA?$AA@ 000000018000c358     libvcruntime:winapi_downlevel.obj
 0002:00000370       ??_C@_1DM@KHCHBNEB@?$AAa?$AAp?$AAi?$AA?9?$AAm?$AAs?$AA?9?$AAw?$AAi?$AAn?$AA?9?$AAc?$AAo?$AAr?$AAe?$AA?9?$AAf?$AAi?$AAb?$AAe?$AAr?$AAs?$AA?9?$AAl?$AA1?$AA?9?$AA1?$AA?9?$AA1?$AA?$AA@ 000000018000c370     libvcruntime:winapi_downlevel.obj
 0002:000003b0       ??_C@_1DK@LPPGFMPP@?$AAa?$AAp?$AAi?$AA?9?$AAm?$AAs?$AA?9?$AAw?$AAi?$AAn?$AA?9?$AAc?$AAo?$AAr?$AAe?$AA?9?$AAs?$AAy?$AAn?$AAc?$AAh?$AA?9?$AAl?$AA1?$AA?9?$AA2?$AA?9?$AA0?$AA?$AA@ 000000018000c3b0     libvcruntime:winapi_downlevel.obj
 0002:000003f0       ??_C@_1BC@GDMECMAK@?$AAk?$AAe?$AAr?$AAn?$AAe?$AAl?$AA3?$AA2?$AA?$AA@ 000000018000c3f0     libvcruntime:winapi_downlevel.obj
 0002:00000408       ??_C@_0O@BAMBGLIE@EventRegister?$AA@ 000000018000c408     libvcruntime:winapi_downlevel.obj
 0002:00000420       ??_C@_0BE@BJEEGHGK@EventSetInformation?$AA@ 000000018000c420     libvcruntime:winapi_downlevel.obj
 0002:00000438       ??_C@_0BA@FAKLIPIC@EventUnregister?$AA@ 000000018000c438     libvcruntime:winapi_downlevel.obj
 0002:00000450       ??_C@_0BD@PKLHJPHD@EventWriteTransfer?$AA@ 000000018000c450     libvcruntime:winapi_downlevel.obj
 0002:00000470       ??_C@_08KNHFBNJ@FlsAlloc?$AA@ 000000018000c470     libvcruntime:winapi_downlevel.obj
 0002:00000488       ??_C@_07PEJMOBNF@FlsFree?$AA@ 000000018000c488     libvcruntime:winapi_downlevel.obj
 0002:00000498       ??_C@_0M@GDNOONDI@FlsGetValue?$AA@ 000000018000c498     libvcruntime:winapi_downlevel.obj
 0002:000004b0       ??_C@_0M@JCPCPOEF@FlsSetValue?$AA@ 000000018000c4b0     libvcruntime:winapi_downlevel.obj
 0002:000004c8       ??_C@_0BM@HCFOFFN@InitializeCriticalSectionEx?$AA@ 000000018000c4c8     libvcruntime:winapi_downlevel.obj
 0002:00000810       ??_C@_08EHJDFFNH@__based?$CI?$AA@ 000000018000c810     libvcruntime:undname.obj
 0002:00000820       ??_C@_07KOLFKCDI@__cdecl?$AA@ 000000018000c820     libvcruntime:undname.obj
 0002:00000828       ??_C@_08GHMPAG@__pascal?$AA@ 000000018000c828     libvcruntime:undname.obj
 0002:00000838       ??_C@_09IFJBGAPI@__stdcall?$AA@ 000000018000c838     libvcruntime:undname.obj
 0002:00000848       ??_C@_0L@NPHFGOKO@__thiscall?$AA@ 000000018000c848     libvcruntime:undname.obj
 0002:00000858       ??_C@_0L@JMKHOMEK@__fastcall?$AA@ 000000018000c858     libvcruntime:undname.obj
 0002:00000868       ??_C@_0N@BCKKPABJ@__vectorcall?$AA@ 000000018000c868     libvcruntime:undname.obj
 0002:00000878       ??_C@_09HIJEGCPM@__clrcall?$AA@ 000000018000c878     libvcruntime:undname.obj
 0002:00000884       ??_C@_06GHPCKEAG@__eabi?$AA@ 000000018000c884     libvcruntime:undname.obj
 0002:00000890       ??_C@_07JOMMBBKO@__ptr64?$AA@ 000000018000c890     libvcruntime:undname.obj
 0002:00000898       ??_C@_0L@PILCLIHE@__restrict?$AA@ 000000018000c898     libvcruntime:undname.obj
 0002:000008a8       ??_C@_0M@GFIIJFMG@__unaligned?$AA@ 000000018000c8a8     libvcruntime:undname.obj
 0002:000008b8       ??_C@_09DHDLOLLB@restrict?$CI?$AA@ 000000018000c8b8     libvcruntime:undname.obj
 0002:000008c4       ??_C@_04NIHEBCM@?5new?$AA@ 000000018000c8c4     libvcruntime:undname.obj
 0002:000008d0       ??_C@_07FPCDHGMM@?5delete?$AA@ 000000018000c8d0     libvcruntime:undname.obj
 0002:000008d8       ??_C@_01NEMOKFLO@?$DN?$AA@ 000000018000c8d8     libvcruntime:undname.obj
 0002:000008dc       ??_C@_02GPIOPFAK@?$DO?$DO?$AA@ 000000018000c8dc     libvcruntime:undname.obj
 0002:000008e0       ??_C@_02FODMEDOG@?$DM?$DM?$AA@ 000000018000c8e0     libvcruntime:undname.obj
 0002:000008e4       ??_C@_01DCLJPIOD@?$CB?$AA@ 000000018000c8e4     libvcruntime:undname.obj
 0002:000008e8       ??_C@_02EGOFBIJA@?$DN?$DN?$AA@ 000000018000c8e8     libvcruntime:undname.obj
 0002:000008ec       ??_C@_02FDNJECIE@?$CB?$DN?$AA@ 000000018000c8ec     libvcruntime:undname.obj
 0002:000008f0       ??_C@_02GPECMEKF@?$FL?$FN?$AA@ 000000018000c8f0     libvcruntime:undname.obj
 0002:000008f8       ??_C@_08LHJFAFGD@operator?$AA@ 000000018000c8f8     libvcruntime:undname.obj
 0002:00000904       ??_C@_02HBOOOICD@?9?$DO?$AA@ 000000018000c904     libvcruntime:undname.obj
 0002:00000908       ??_C@_01NBENCBCI@?$CK?$AA@ 000000018000c908     libvcruntime:undname.obj
 0002:0000090c       ??_C@_02ECNGHCIF@?$CL?$CL?$AA@ 000000018000c90c     libvcruntime:undname.obj
 0002:00000910       ??_C@_02BAABKJLB@?9?9?$AA@ 000000018000c910     libvcruntime:undname.obj
 0002:00000914       ??_C@_01JOAMLHOP@?9?$AA@   000000018000c914     libvcruntime:undname.obj
 0002:00000918       ??_C@_01MIFGBAGJ@?$CL?$AA@ 000000018000c918     libvcruntime:undname.obj
 0002:0000091c       ??_C@_01HNPIGOCE@?$CG?$AA@ 000000018000c91c     libvcruntime:undname.obj
 0002:00000920       ??_C@_03MNHNFDLC@?9?$DO?$CK?$AA@ 000000018000c920     libvcruntime:undname.obj
 0002:00000924       ??_C@_01KMDKNFGN@?1?$AA@   000000018000c924     libvcruntime:undname.obj
 0002:00000928       ??_C@_01FGNFDNOH@?$CF?$AA@ 000000018000c928     libvcruntime:undname.obj
 0002:0000092c       ??_C@_01MNNFJEPP@?$DM?$AA@ 000000018000c92c     libvcruntime:undname.obj
 0002:00000930       ??_C@_02EHCHHCKH@?$DM?$DN?$AA@ 000000018000c930     libvcruntime:undname.obj
 0002:00000934       ??_C@_01PPODPGHN@?$DO?$AA@ 000000018000c934     libvcruntime:undname.obj
 0002:00000938       ??_C@_02EEKDKGMJ@?$DO?$DN?$AA@ 000000018000c938     libvcruntime:undname.obj
 0002:0000093c       ??_C@_01IHBHIGKO@?0?$AA@   000000018000c93c     libvcruntime:undname.obj
 0002:00000940       ??_C@_02HCKGKOFO@?$CI?$CJ?$AA@ 000000018000c940     libvcruntime:undname.obj
 0002:00000944       ??_C@_01PJKLJHI@?$HO?$AA@  000000018000c944     libvcruntime:undname.obj
 0002:00000948       ??_C@_01JKBOJNNK@?$FO?$AA@ 000000018000c948     libvcruntime:undname.obj
 0002:0000094c       ??_C@_01DNKMNLPK@?$HM?$AA@ 000000018000c94c     libvcruntime:undname.obj
 0002:00000950       ??_C@_02PPKAJPJL@?$CG?$CG?$AA@ 000000018000c950     libvcruntime:undname.obj
 0002:00000954       ??_C@_02NONPIBCD@?$HM?$HM?$AA@ 000000018000c954     libvcruntime:undname.obj
 0002:00000958       ??_C@_02FPIMKNGF@?$CK?$DN?$AA@ 000000018000c958     libvcruntime:undname.obj
 0002:0000095c       ??_C@_02FOEOMHFC@?$CL?$DN?$AA@ 000000018000c95c     libvcruntime:undname.obj
 0002:00000960       ??_C@_02FKMDLLOA@?9?$DN?$AA@ 000000018000c960     libvcruntime:undname.obj
 0002:00000964       ??_C@_02FJEHGPIO@?1?$DN?$AA@ 000000018000c964     libvcruntime:undname.obj
 0002:00000968       ??_C@_02FENAOKFI@?$CF?$DN?$AA@ 000000018000c968     libvcruntime:undname.obj
 0002:0000096c       ??_C@_03IKFCCPFF@?$DO?$DO?$DN?$AA@ 000000018000c96c     libvcruntime:undname.obj
 0002:00000970       ??_C@_03CDNPDDLA@?$DM?$DM?$DN?$AA@ 000000018000c970     libvcruntime:undname.obj
 0002:00000974       ??_C@_02FGJGFEAB@?$CG?$DN?$AA@ 000000018000c974     libvcruntime:undname.obj
 0002:00000978       ??_C@_02DHLNPPGH@?$HM?$DN?$AA@ 000000018000c978     libvcruntime:undname.obj
 0002:0000097c       ??_C@_02MHEGNOJ@?$FO?$DN?$AA@ 000000018000c97c     libvcruntime:undname.obj
 0002:00000980       ??_C@_09IFPLHPGF@?$GAvftable?8?$AA@ 000000018000c980     libvcruntime:undname.obj
 0002:00000990       ??_C@_09BLBHBJP@?$GAvbtable?8?$AA@ 000000018000c990     libvcruntime:undname.obj
 0002:000009a0       ??_C@_07FEEIOKP@?$GAvcall?8?$AA@ 000000018000c9a0     libvcruntime:undname.obj
 0002:000009a8       ??_C@_08LLFFHHDJ@?$GAtypeof?8?$AA@ 000000018000c9a8     libvcruntime:undname.obj
 0002:000009b8       ??_C@_0BF@KDPPACIK@?$GAlocal?5static?5guard?8?$AA@ 000000018000c9b8     libvcruntime:undname.obj
 0002:000009d0       ??_C@_08OBABFOLI@?$GAstring?8?$AA@ 000000018000c9d0     libvcruntime:undname.obj
 0002:000009e0       ??_C@_0BD@JDLKDPAB@?$GAvbase?5destructor?8?$AA@ 000000018000c9e0     libvcruntime:undname.obj
 0002:000009f8       ??_C@_0BN@DEGPLNFK@?$GAvector?5deleting?5destructor?8?$AA@ 000000018000c9f8     libvcruntime:undname.obj
 0002:00000a18       ??_C@_0BO@OBMKPJIG@?$GAdefault?5constructor?5closure?8?$AA@ 000000018000ca18     libvcruntime:undname.obj
 0002:00000a38       ??_C@_0BN@IMDCHIKM@?$GAscalar?5deleting?5destructor?8?$AA@ 000000018000ca38     libvcruntime:undname.obj
 0002:00000a58       ??_C@_0BO@PFGOCPJJ@?$GAvector?5constructor?5iterator?8?$AA@ 000000018000ca58     libvcruntime:undname.obj
 0002:00000a78       ??_C@_0BN@LFPFMEDL@?$GAvector?5destructor?5iterator?8?$AA@ 000000018000ca78     libvcruntime:undname.obj
 0002:00000a98       ??_C@_0CE@IKBNEHA@?$GAvector?5vbase?5constructor?5iterat@ 000000018000ca98     libvcruntime:undname.obj
 0002:00000ac0       ??_C@_0BL@NILFHHPC@?$GAvirtual?5displacement?5map?8?$AA@ 000000018000cac0     libvcruntime:undname.obj
 0002:00000ae0       ??_C@_0CB@JONCMFFK@?$GAeh?5vector?5constructor?5iterator?8@ 000000018000cae0     libvcruntime:undname.obj
 0002:00000b08       ??_C@_0CA@GCEOPDGL@?$GAeh?5vector?5destructor?5iterator?8?$AA@ 000000018000cb08     libvcruntime:undname.obj
 0002:00000b28       ??_C@_0CH@OOJPLCPH@?$GAeh?5vector?5vbase?5constructor?5ite@ 000000018000cb28     libvcruntime:undname.obj
 0002:00000b50       ??_C@_0BL@LLKPOHJI@?$GAcopy?5constructor?5closure?8?$AA@ 000000018000cb50     libvcruntime:undname.obj
 0002:00000b70       ??_C@_0BA@KBCDOMBN@?$GAudt?5returning?8?$AA@ 000000018000cb70     libvcruntime:undname.obj
 0002:00000b80       ??_C@_03KLGMFNMG@?$GAEH?$AA@ 000000018000cb80     libvcruntime:undname.obj
 0002:00000b84       ??_C@_05KHLCHHI@?$GARTTI?$AA@ 000000018000cb84     libvcruntime:undname.obj
 0002:00000b90       ??_C@_0BA@KKLDJDLB@?$GAlocal?5vftable?8?$AA@ 000000018000cb90     libvcruntime:undname.obj
 0002:00000ba0       ??_C@_0CE@IIHCMGGL@?$GAlocal?5vftable?5constructor?5closu@ 000000018000cba0     libvcruntime:undname.obj
 0002:00000bc4       ??_C@_06FHBGPFGH@?5new?$FL?$FN?$AA@ 000000018000cbc4     libvcruntime:undname.obj
 0002:00000bd0       ??_C@_09LBNFPBCA@?5delete?$FL?$FN?$AA@ 000000018000cbd0     libvcruntime:undname.obj
 0002:00000be0       ??_C@_0P@HJKNJFNN@?$GAomni?5callsig?8?$AA@ 000000018000cbe0     libvcruntime:undname.obj
 0002:00000bf0       ??_C@_0BL@CNOONJFP@?$GAplacement?5delete?5closure?8?$AA@ 000000018000cbf0     libvcruntime:undname.obj
 0002:00000c10       ??_C@_0BN@CKNJLHMB@?$GAplacement?5delete?$FL?$FN?5closure?8?$AA@ 000000018000cc10     libvcruntime:undname.obj
 0002:00000c30       ??_C@_0CG@CFDHKGGD@?$GAmanaged?5vector?5constructor?5iter@ 000000018000cc30     libvcruntime:undname.obj
 0002:00000c58       ??_C@_0CF@IMGKMJNO@?$GAmanaged?5vector?5destructor?5itera@ 000000018000cc58     libvcruntime:undname.obj
 0002:00000c80       ??_C@_0CG@HLDDJMAG@?$GAeh?5vector?5copy?5constructor?5iter@ 000000018000cc80     libvcruntime:undname.obj
 0002:00000ca8       ??_C@_0CM@FCBBDIGB@?$GAeh?5vector?5vbase?5copy?5constructo@ 000000018000cca8     libvcruntime:undname.obj
 0002:00000cd8       ??_C@_0BL@CLIPGLGB@?$GAdynamic?5initializer?5for?5?8?$AA@ 000000018000ccd8     libvcruntime:undname.obj
 0002:00000cf8       ??_C@_0CB@PDBIFEP@?$GAdynamic?5atexit?5destructor?5for?5?8@ 000000018000ccf8     libvcruntime:undname.obj
 0002:00000d20       ??_C@_0CD@CGAJBKEJ@?$GAvector?5copy?5constructor?5iterato@ 000000018000cd20     libvcruntime:undname.obj
 0002:00000d48       ??_C@_0CJ@GJELGAMM@?$GAvector?5vbase?5copy?5constructor?5i@ 000000018000cd48     libvcruntime:undname.obj
 0002:00000d78       ??_C@_0CL@FGIJHLCE@?$GAmanaged?5vector?5copy?5constructor@ 000000018000cd78     libvcruntime:undname.obj
 0002:00000da8       ??_C@_0BM@PMGGMLDN@?$GAlocal?5static?5thread?5guard?8?$AA@ 000000018000cda8     libvcruntime:undname.obj
 0002:00000dc8       ??_C@_0N@BDNMDMOL@operator?5?$CC?$CC?5?$AA@ 000000018000cdc8     libvcruntime:undname.obj
 0002:00000dd8       ??_C@_0BC@DAFEJGAK@?5Type?5Descriptor?8?$AA@ 000000018000cdd8     libvcruntime:undname.obj
 0002:00000df0       ??_C@_0BM@LDKODKLH@?5Base?5Class?5Descriptor?5at?5?$CI?$AA@ 000000018000cdf0     libvcruntime:undname.obj
 0002:00000e10       ??_C@_0BD@LGICGFMM@?5Base?5Class?5Array?8?$AA@ 000000018000ce10     libvcruntime:undname.obj
 0002:00000e28       ??_C@_0BN@MECKDCOJ@?5Class?5Hierarchy?5Descriptor?8?$AA@ 000000018000ce28     libvcruntime:undname.obj
 0002:00000e48       ??_C@_0BK@CFCOFLF@?5Complete?5Object?5Locator?8?$AA@ 000000018000ce48     libvcruntime:undname.obj
 0002:00000e70       __acrt_exception_action_table 000000018000ce70     libucrt:exception_filter.obj
 0002:00000f30       __acrt_signal_action_table_count 000000018000cf30     libucrt:exception_filter.obj
 0002:00000f38       __acrt_signal_action_first_fpe_index 000000018000cf38     libucrt:exception_filter.obj
 0002:00000f40       __acrt_signal_action_fpe_count 000000018000cf40     libucrt:exception_filter.obj
 0002:00000f48       ??_C@_1BI@BGOHAHKC@?$AAm?$AAs?$AAc?$AAo?$AAr?$AAe?$AAe?$AA?4?$AAd?$AAl?$AAl?$AA?$AA@ 000000018000cf48     libucrt:exit.obj
 0002:00000f60       ??_C@_0P@MIGLKIOC@CorExitProcess?$AA@ 000000018000cf60     libucrt:exit.obj
 0002:000011d0       __lc_time_c                000000018000d1d0     libucrt:nlsdata.obj
 0002:00001490       ??_C@_03KOEHGMDN@Sun?$AA@  000000018000d490     libucrt:nlsdata.obj
 0002:00001494       ??_C@_03PDAGKDH@Mon?$AA@   000000018000d494     libucrt:nlsdata.obj
 0002:00001498       ??_C@_03NAGEINEP@Tue?$AA@  000000018000d498     libucrt:nlsdata.obj
 0002:0000149c       ??_C@_03MHOMLAJA@Wed?$AA@  000000018000d49c     libucrt:nlsdata.obj
 0002:000014a0       ??_C@_03IOFIKPDN@Thu?$AA@  000000018000d4a0     libucrt:nlsdata.obj
 0002:000014a4       ??_C@_03IDIOELNC@Fri?$AA@  000000018000d4a4     libucrt:nlsdata.obj
 0002:000014a8       ??_C@_03FEFJNEK@Sat?$AA@   000000018000d4a8     libucrt:nlsdata.obj
 0002:000014ac       ??_C@_06OOPIFAJ@Sunday?$AA@ 000000018000d4ac     libucrt:nlsdata.obj
 0002:000014b4       ??_C@_06JLEDEDGH@Monday?$AA@ 000000018000d4b4     libucrt:nlsdata.obj
 0002:000014c0       ??_C@_07BAAGCFCM@Tuesday?$AA@ 000000018000d4c0     libucrt:nlsdata.obj
 0002:000014c8       ??_C@_09DLIGFAKA@Wednesday?$AA@ 000000018000d4c8     libucrt:nlsdata.obj
 0002:000014d8       ??_C@_08HACCIKIA@Thursday?$AA@ 000000018000d4d8     libucrt:nlsdata.obj
 0002:000014e4       ??_C@_06JECMNKMI@Friday?$AA@ 000000018000d4e4     libucrt:nlsdata.obj
 0002:000014f0       ??_C@_08INBOOONO@Saturday?$AA@ 000000018000d4f0     libucrt:nlsdata.obj
 0002:000014fc       ??_C@_03JIHJHPIE@Jan?$AA@  000000018000d4fc     libucrt:nlsdata.obj
 0002:00001500       ??_C@_03HJBDCHOM@Feb?$AA@  000000018000d500     libucrt:nlsdata.obj
 0002:00001504       ??_C@_03ODNJBKGA@Mar?$AA@  000000018000d504     libucrt:nlsdata.obj
 0002:00001508       ??_C@_03LEOLGMJP@Apr?$AA@  000000018000d508     libucrt:nlsdata.obj
 0002:0000150c       ??_C@_03CNMDKL@May?$AA@    000000018000d50c     libucrt:nlsdata.obj
 0002:00001510       ??_C@_03IDFGHECI@Jun?$AA@  000000018000d510     libucrt:nlsdata.obj
 0002:00001514       ??_C@_03LBGABGKK@Jul?$AA@  000000018000d514     libucrt:nlsdata.obj
 0002:00001518       ??_C@_03IFJFEIGA@Aug?$AA@  000000018000d518     libucrt:nlsdata.obj
 0002:0000151c       ??_C@_03GGCAPAJC@Sep?$AA@  000000018000d51c     libucrt:nlsdata.obj
 0002:00001520       ??_C@_03BMAOKBAD@Oct?$AA@  000000018000d520     libucrt:nlsdata.obj
 0002:00001524       ??_C@_03JPJOFNIA@Nov?$AA@  000000018000d524     libucrt:nlsdata.obj
 0002:00001528       ??_C@_03MKABNOCG@Dec?$AA@  000000018000d528     libucrt:nlsdata.obj
 0002:00001530       ??_C@_07CGJPFGJA@January?$AA@ 000000018000d530     libucrt:nlsdata.obj
 0002:00001538       ??_C@_08GNJGEPFN@February?$AA@ 000000018000d538     libucrt:nlsdata.obj
 0002:00001544       ??_C@_05HPCKOFNC@March?$AA@ 000000018000d544     libucrt:nlsdata.obj
 0002:0000154c       ??_C@_05DMJDNLEJ@April?$AA@ 000000018000d54c     libucrt:nlsdata.obj
 0002:00001554       ??_C@_04CNLMGBGM@June?$AA@ 000000018000d554     libucrt:nlsdata.obj
 0002:0000155c       ??_C@_04MIEPOIFP@July?$AA@ 000000018000d55c     libucrt:nlsdata.obj
 0002:00001564       ??_C@_06LBBHFDDG@August?$AA@ 000000018000d564     libucrt:nlsdata.obj
 0002:00001570       ??_C@_09BHHEALKD@September?$AA@ 000000018000d570     libucrt:nlsdata.obj
 0002:00001580       ??_C@_07JJNFCEND@October?$AA@ 000000018000d580     libucrt:nlsdata.obj
 0002:00001588       ??_C@_08HCHEGEOA@November?$AA@ 000000018000d588     libucrt:nlsdata.obj
 0002:00001598       ??_C@_08EDHMEBNP@December?$AA@ 000000018000d598     libucrt:nlsdata.obj
 0002:000015a4       ??_C@_02DEDBPAFC@AM?$AA@   000000018000d5a4     libucrt:nlsdata.obj
 0002:000015a8       ??_C@_02CJNFDJBF@PM?$AA@   000000018000d5a8     libucrt:nlsdata.obj
 0002:000015b0       ??_C@_08BPBNCDIB@MM?1dd?1yy?$AA@ 000000018000d5b0     libucrt:nlsdata.obj
 0002:000015c0       ??_C@_0BE@CKGJFCPC@dddd?0?5MMMM?5dd?0?5yyyy?$AA@ 000000018000d5c0     libucrt:nlsdata.obj
 0002:000015d8       ??_C@_08JCCMCCIL@HH?3mm?3ss?$AA@ 000000018000d5d8     libucrt:nlsdata.obj
 0002:000015e8       ??_C@_17MBGCMIPB@?$AAS?$AAu?$AAn?$AA?$AA@ 000000018000d5e8     libucrt:nlsdata.obj
 0002:000015f0       ??_C@_17KBOMKBF@?$AAM?$AAo?$AAn?$AA?$AA@ 000000018000d5f0     libucrt:nlsdata.obj
 0002:000015f8       ??_C@_17BMKGEGOJ@?$AAT?$AAu?$AAe?$AA?$AA@ 000000018000d5f8     libucrt:nlsdata.obj
 0002:00001600       ??_C@_17CJEDCEPE@?$AAW?$AAe?$AAd?$AA?$AA@ 000000018000d600     libucrt:nlsdata.obj
 0002:00001608       ??_C@_17PDPHAADD@?$AAT?$AAh?$AAu?$AA?$AA@ 000000018000d608     libucrt:nlsdata.obj
 0002:00001610       ??_C@_17HFOLPPLP@?$AAF?$AAr?$AAi?$AA?$AA@ 000000018000d610     libucrt:nlsdata.obj
 0002:00001618       ??_C@_17GGIBDPIH@?$AAS?$AAa?$AAt?$AA?$AA@ 000000018000d618     libucrt:nlsdata.obj
 0002:00001620       ??_C@_1O@IHNHDHPB@?$AAS?$AAu?$AAn?$AAd?$AAa?$AAy?$AA?$AA@ 000000018000d620     libucrt:nlsdata.obj
 0002:00001630       ??_C@_1O@MMNBFLIA@?$AAM?$AAo?$AAn?$AAd?$AAa?$AAy?$AA?$AA@ 000000018000d630     libucrt:nlsdata.obj
 0002:00001640       ??_C@_1BA@ENFBFFEK@?$AAT?$AAu?$AAe?$AAs?$AAd?$AAa?$AAy?$AA?$AA@ 000000018000d640     libucrt:nlsdata.obj
 0002:00001650       ??_C@_1BE@EBOGMDOH@?$AAW?$AAe?$AAd?$AAn?$AAe?$AAs?$AAd?$AAa?$AAy?$AA?$AA@ 000000018000d650     libucrt:nlsdata.obj
 0002:00001668       ??_C@_1BC@HHMNLIHE@?$AAT?$AAh?$AAu?$AAr?$AAs?$AAd?$AAa?$AAy?$AA?$AA@ 000000018000d668     libucrt:nlsdata.obj
 0002:00001680       ??_C@_1O@PDICJHAG@?$AAF?$AAr?$AAi?$AAd?$AAa?$AAy?$AA?$AA@ 000000018000d680     libucrt:nlsdata.obj
 0002:00001690       ??_C@_1BC@ENMNNPAJ@?$AAS?$AAa?$AAt?$AAu?$AAr?$AAd?$AAa?$AAy?$AA?$AA@ 000000018000d690     libucrt:nlsdata.obj
 0002:000016a8       ??_C@_17DKNBKCHM@?$AAJ?$AAa?$AAn?$AA?$AA@ 000000018000d6a8     libucrt:nlsdata.obj
 0002:000016b0       ??_C@_17LMDJEKJN@?$AAF?$AAe?$AAb?$AA?$AA@ 000000018000d6b0     libucrt:nlsdata.obj
 0002:000016b8       ??_C@_17CKNLEDEC@?$AAM?$AAa?$AAr?$AA?$AA@ 000000018000d6b8     libucrt:nlsdata.obj
 0002:000016c0       ??_C@_17LFPOIHDD@?$AAA?$AAp?$AAr?$AA?$AA@ 000000018000d6c0     libucrt:nlsdata.obj
 0002:000016c8       ??_C@_17PNNKMEED@?$AAM?$AAa?$AAy?$AA?$AA@ 000000018000d6c8     libucrt:nlsdata.obj
 0002:000016d0       ??_C@_17KCJGOCPB@?$AAJ?$AAu?$AAn?$AA?$AA@ 000000018000d6d0     libucrt:nlsdata.obj
 0002:000016d8       ??_C@_17IJPCKHK@?$AAJ?$AAu?$AAl?$AA?$AA@ 000000018000d6d8     libucrt:nlsdata.obj
 0002:000016e0       ??_C@_17ICPELBCN@?$AAA?$AAu?$AAg?$AA?$AA@ 000000018000d6e0     libucrt:nlsdata.obj
 0002:000016e8       ??_C@_17HCHCOKMG@?$AAS?$AAe?$AAp?$AA?$AA@ 000000018000d6e8     libucrt:nlsdata.obj
 0002:000016f0       ??_C@_17FNLKOI@?$AAO?$AAc?$AAt?$AA?$AA@ 000000018000d6f0     libucrt:nlsdata.obj
 0002:000016f8       ??_C@_17BBDMLCIG@?$AAN?$AAo?$AAv?$AA?$AA@ 000000018000d6f8     libucrt:nlsdata.obj
 0002:00001700       ??_C@_17EGKACKIF@?$AAD?$AAe?$AAc?$AA?$AA@ 000000018000d700     libucrt:nlsdata.obj
 0002:00001708       ??_C@_1BA@EFMEIEBA@?$AAJ?$AAa?$AAn?$AAu?$AAa?$AAr?$AAy?$AA?$AA@ 000000018000d708     libucrt:nlsdata.obj
 0002:00001718       ??_C@_1BC@JGDDFFAM@?$AAF?$AAe?$AAb?$AAr?$AAu?$AAa?$AAr?$AAy?$AA?$AA@ 000000018000d718     libucrt:nlsdata.obj
 0002:00001730       ??_C@_1M@IKEENEDF@?$AAM?$AAa?$AAr?$AAc?$AAh?$AA?$AA@ 000000018000d730     libucrt:nlsdata.obj
 0002:00001740       ??_C@_1M@GJNLMHFD@?$AAA?$AAp?$AAr?$AAi?$AAl?$AA?$AA@ 000000018000d740     libucrt:nlsdata.obj
 0002:00001750       ??_C@_19EPFLPGAP@?$AAJ?$AAu?$AAn?$AAe?$AA?$AA@ 000000018000d750     libucrt:nlsdata.obj
 0002:00001760       ??_C@_19BIFMLPCD@?$AAJ?$AAu?$AAl?$AAy?$AA?$AA@ 000000018000d760     libucrt:nlsdata.obj
 0002:00001770       ??_C@_1O@PAHLKOAC@?$AAA?$AAu?$AAg?$AAu?$AAs?$AAt?$AA?$AA@ 000000018000d770     libucrt:nlsdata.obj
 0002:00001780       ??_C@_1BE@DKAAMBJL@?$AAS?$AAe?$AAp?$AAt?$AAe?$AAm?$AAb?$AAe?$AAr?$AA?$AA@ 000000018000d780     libucrt:nlsdata.obj
 0002:00001798       ??_C@_1BA@EPANDLNG@?$AAO?$AAc?$AAt?$AAo?$AAb?$AAe?$AAr?$AA?$AA@ 000000018000d798     libucrt:nlsdata.obj
 0002:000017a8       ??_C@_1BC@BGLIFPF@?$AAN?$AAo?$AAv?$AAe?$AAm?$AAb?$AAe?$AAr?$AA?$AA@ 000000018000d7a8     libucrt:nlsdata.obj
 0002:000017c0       ??_C@_1BC@FEMKIFH@?$AAD?$AAe?$AAc?$AAe?$AAm?$AAb?$AAe?$AAr?$AA?$AA@ 000000018000d7c0     libucrt:nlsdata.obj
 0002:000017d4       ??_C@_15ODEHAHHF@?$AAA?$AAM?$AA?$AA@ 000000018000d7d4     libucrt:nlsdata.obj
 0002:000017dc       ??_C@_15CLMNNGEL@?$AAP?$AAM?$AA?$AA@ 000000018000d7dc     libucrt:nlsdata.obj
 0002:000017e8       ??_C@_1BC@IEBCMHCM@?$AAM?$AAM?$AA?1?$AAd?$AAd?$AA?1?$AAy?$AAy?$AA?$AA@ 000000018000d7e8     libucrt:nlsdata.obj
 0002:00001800       ??_C@_1CI@KNAKOEBC@?$AAd?$AAd?$AAd?$AAd?$AA?0?$AA?5?$AAM?$AAM?$AAM?$AAM?$AA?5?$AAd?$AAd?$AA?0?$AA?5?$AAy?$AAy?$AAy?$AAy?$AA?$AA@ 000000018000d800     libucrt:nlsdata.obj
 0002:00001828       ??_C@_1BC@GDGBMEMK@?$AAH?$AAH?$AA?3?$AAm?$AAm?$AA?3?$AAs?$AAs?$AA?$AA@ 000000018000d828     libucrt:nlsdata.obj
 0002:00001840       ??_C@_1M@BMHNFIME@?$AAe?$AAn?$AA?9?$AAU?$AAS?$AA?$AA@ 000000018000d840     libucrt:nlsdata.obj
 0002:000018f0       ??_C@_1EG@CNNIPFIM@?$AAa?$AAp?$AAi?$AA?9?$AAm?$AAs?$AA?9?$AAw?$AAi?$AAn?$AA?9?$AAa?$AAp?$AAp?$AAm?$AAo?$AAd?$AAe?$AAl?$AA?9?$AAr?$AAu?$AAn?$AAt?$AAi?$AAm?$AAe?$AA?9?$AAl?$AA1?$AA?9?$AA1@ 000000018000d8f0     libucrt:winapi_thunks.obj
 0002:00001940       ??_C@_1EA@JGEFHKEI@?$AAa?$AAp?$AAi?$AA?9?$AAm?$AAs?$AA?9?$AAw?$AAi?$AAn?$AA?9?$AAc?$AAo?$AAr?$AAe?$AA?9?$AAd?$AAa?$AAt?$AAe?$AAt?$AAi?$AAm?$AAe?$AA?9?$AAl?$AA1?$AA?9?$AA1?$AA?9?$AA1?$AA?$AA@ 000000018000d940     libucrt:winapi_thunks.obj
 0002:00001980       ??_C@_1DI@GCIAAENM@?$AAa?$AAp?$AAi?$AA?9?$AAm?$AAs?$AA?9?$AAw?$AAi?$AAn?$AA?9?$AAc?$AAo?$AAr?$AAe?$AA?9?$AAf?$AAi?$AAl?$AAe?$AA?9?$AAl?$AA2?$AA?9?$AA1?$AA?9?$AA1?$AA?$AA@ 000000018000d980     libucrt:winapi_thunks.obj
 0002:000019c0       ??_C@_1EI@MPIAOHOC@?$AAa?$AAp?$AAi?$AA?9?$AAm?$AAs?$AA?9?$AAw?$AAi?$AAn?$AA?9?$AAc?$AAo?$AAr?$AAe?$AA?9?$AAl?$AAo?$AAc?$AAa?$AAl?$AAi?$AAz?$AAa?$AAt?$AAi?$AAo?$AAn?$AA?9?$AAl?$AA1?$AA?9@ 000000018000d9c0     libucrt:winapi_thunks.obj
 0002:00001a10       ??_C@_1FK@FPHCKFIE@?$AAa?$AAp?$AAi?$AA?9?$AAm?$AAs?$AA?9?$AAw?$AAi?$AAn?$AA?9?$AAc?$AAo?$AAr?$AAe?$AA?9?$AAl?$AAo?$AAc?$AAa?$AAl?$AAi?$AAz?$AAa?$AAt?$AAi?$AAo?$AAn?$AA?9?$AAo?$AAb?$AAs@ 000000018000da10     libucrt:winapi_thunks.obj
 0002:00001a70       ??_C@_1EM@DILCGIIO@?$AAa?$AAp?$AAi?$AA?9?$AAm?$AAs?$AA?9?$AAw?$AAi?$AAn?$AA?9?$AAc?$AAo?$AAr?$AAe?$AA?9?$AAp?$AAr?$AAo?$AAc?$AAe?$AAs?$AAs?$AAt?$AAh?$AAr?$AAe?$AAa?$AAd?$AAs?$AA?9?$AAl@ 000000018000da70     libucrt:winapi_thunks.obj
 0002:00001ac0       ??_C@_1DM@LNCGDDPN@?$AAa?$AAp?$AAi?$AA?9?$AAm?$AAs?$AA?9?$AAw?$AAi?$AAn?$AA?9?$AAc?$AAo?$AAr?$AAe?$AA?9?$AAs?$AAt?$AAr?$AAi?$AAn?$AAg?$AA?9?$AAl?$AA1?$AA?9?$AA1?$AA?9?$AA0?$AA?$AA@ 000000018000dac0     libucrt:winapi_thunks.obj
 0002:00001b00       ??_C@_1DO@FPAPJEMD@?$AAa?$AAp?$AAi?$AA?9?$AAm?$AAs?$AA?9?$AAw?$AAi?$AAn?$AA?9?$AAc?$AAo?$AAr?$AAe?$AA?9?$AAs?$AAy?$AAs?$AAi?$AAn?$AAf?$AAo?$AA?9?$AAl?$AA1?$AA?9?$AA2?$AA?9?$AA1?$AA?$AA@ 000000018000db00     libucrt:winapi_thunks.obj
 0002:00001b40       ??_C@_1DK@NDHNAHIO@?$AAa?$AAp?$AAi?$AA?9?$AAm?$AAs?$AA?9?$AAw?$AAi?$AAn?$AA?9?$AAc?$AAo?$AAr?$AAe?$AA?9?$AAw?$AAi?$AAn?$AAr?$AAt?$AA?9?$AAl?$AA1?$AA?9?$AA1?$AA?9?$AA0?$AA?$AA@ 000000018000db40     libucrt:winapi_thunks.obj
 0002:00001b80       ??_C@_1DM@KGHDGBCM@?$AAa?$AAp?$AAi?$AA?9?$AAm?$AAs?$AA?9?$AAw?$AAi?$AAn?$AA?9?$AAc?$AAo?$AAr?$AAe?$AA?9?$AAx?$AAs?$AAt?$AAa?$AAt?$AAe?$AA?9?$AAl?$AA2?$AA?9?$AA1?$AA?9?$AA0?$AA?$AA@ 000000018000db80     libucrt:winapi_thunks.obj
 0002:00001bc0       ??_C@_1EO@IJIOEFOH@?$AAa?$AAp?$AAi?$AA?9?$AAm?$AAs?$AA?9?$AAw?$AAi?$AAn?$AA?9?$AAr?$AAt?$AAc?$AAo?$AAr?$AAe?$AA?9?$AAn?$AAt?$AAu?$AAs?$AAe?$AAr?$AA?9?$AAw?$AAi?$AAn?$AAd?$AAo?$AAw?$AA?9@ 000000018000dbc0     libucrt:winapi_thunks.obj
 0002:00001c10       ??_C@_1FG@HHGEKANL@?$AAa?$AAp?$AAi?$AA?9?$AAm?$AAs?$AA?9?$AAw?$AAi?$AAn?$AA?9?$AAs?$AAe?$AAc?$AAu?$AAr?$AAi?$AAt?$AAy?$AA?9?$AAs?$AAy?$AAs?$AAt?$AAe?$AAm?$AAf?$AAu?$AAn?$AAc?$AAt?$AAi@ 000000018000dc10     libucrt:winapi_thunks.obj
 0002:00001c70       ??_C@_1FG@NCKKOLKO@?$AAe?$AAx?$AAt?$AA?9?$AAm?$AAs?$AA?9?$AAw?$AAi?$AAn?$AA?9?$AAk?$AAe?$AAr?$AAn?$AAe?$AAl?$AA3?$AA2?$AA?9?$AAp?$AAa?$AAc?$AAk?$AAa?$AAg?$AAe?$AA?9?$AAc?$AAu?$AAr?$AAr@ 000000018000dc70     libucrt:winapi_thunks.obj
 0002:00001cd0       ??_C@_1EG@DBIOJECG@?$AAe?$AAx?$AAt?$AA?9?$AAm?$AAs?$AA?9?$AAw?$AAi?$AAn?$AA?9?$AAn?$AAt?$AAu?$AAs?$AAe?$AAr?$AA?9?$AAd?$AAi?$AAa?$AAl?$AAo?$AAg?$AAb?$AAo?$AAx?$AA?9?$AAl?$AA1?$AA?9?$AA1@ 000000018000dcd0     libucrt:winapi_thunks.obj
 0002:00001d20       ??_C@_1EO@FIHMJCLF@?$AAe?$AAx?$AAt?$AA?9?$AAm?$AAs?$AA?9?$AAw?$AAi?$AAn?$AA?9?$AAn?$AAt?$AAu?$AAs?$AAe?$AAr?$AA?9?$AAw?$AAi?$AAn?$AAd?$AAo?$AAw?$AAs?$AAt?$AAa?$AAt?$AAi?$AAo?$AAn?$AA?9@ 000000018000dd20     libucrt:winapi_thunks.obj
 0002:00001d70       ??_C@_1O@BCCLBEOE@?$AAu?$AAs?$AAe?$AAr?$AA3?$AA2?$AA?$AA@ 000000018000dd70     libucrt:winapi_thunks.obj
 0002:00001da8       ??_C@_0BE@JOGNEJCI@GetCurrentPackageId?$AA@ 000000018000dda8     libucrt:winapi_thunks.obj
 0002:00001dd0       ??_C@_0O@KKBNKAPF@LCMapStringEx?$AA@ 000000018000ddd0     libucrt:winapi_thunks.obj
 0002:00001de8       ??_C@_0BB@HBDEELFH@LocaleNameToLCID?$AA@ 000000018000dde8     libucrt:winapi_thunks.obj
 0002:00001e20       ??_C@_1M@HPNHIDJI@?$AAj?$AAa?$AA?9?$AAJ?$AAP?$AA?$AA@ 000000018000de20     libucrt:mbctype.obj
 0002:00001e30       ??_C@_1M@BIBDDEMK@?$AAz?$AAh?$AA?9?$AAC?$AAN?$AA?$AA@ 000000018000de30     libucrt:mbctype.obj
 0002:00001e40       ??_C@_1M@JLOOOEGK@?$AAk?$AAo?$AA?9?$AAK?$AAR?$AA?$AA@ 000000018000de40     libucrt:mbctype.obj
 0002:00001e50       ??_C@_1M@CLNBBOPM@?$AAz?$AAh?$AA?9?$AAT?$AAW?$AA?$AA@ 000000018000de50     libucrt:mbctype.obj
 0002:00001e60       __newctype                 000000018000de60     libucrt:ctype.obj
 0002:00002160       __newclmap                 000000018000e160     libucrt:ctype.obj
 0002:000022e0       __newcumap                 000000018000e2e0     libucrt:ctype.obj
 0002:00002460       ??_C@_15PJPFLCCM@?$AAu?$AAk?$AA?$AA@ 000000018000e460     libucrt:get_qualified_locale.obj
 0002:000032b0       ??_C@_15EMKDOKLE@?$AAa?$AAr?$AA?$AA@ 000000018000f2b0     libucrt:lcidtoname_downlevel.obj
 0002:000032b8       ??_C@_15KNPADPLH@?$AAb?$AAg?$AA?$AA@ 000000018000f2b8     libucrt:lcidtoname_downlevel.obj
 0002:000032c0       ??_C@_15EDMHLDMO@?$AAc?$AAa?$AA?$AA@ 000000018000f2c0     libucrt:lcidtoname_downlevel.obj
 0002:000032c8       ??_C@_1O@BPEAJADD@?$AAz?$AAh?$AA?9?$AAC?$AAH?$AAS?$AA?$AA@ 000000018000f2c8     libucrt:lcidtoname_downlevel.obj
 0002:000032d8       ??_C@_15LJNHCMNK@?$AAc?$AAs?$AA?$AA@ 000000018000f2d8     libucrt:lcidtoname_downlevel.obj
 0002:000032e0       ??_C@_15FOMCIDHG@?$AAd?$AAa?$AA?$AA@ 000000018000f2e0     libucrt:lcidtoname_downlevel.obj
 0002:000032e8       ??_C@_15NBKABECB@?$AAd?$AAe?$AA?$AA@ 000000018000f2e8     libucrt:lcidtoname_downlevel.obj
 0002:000032f0       ??_C@_15GHPEIIAO@?$AAe?$AAl?$AA?$AA@ 000000018000f2f0     libucrt:lcidtoname_downlevel.obj
 0002:000032f8       ??_C@_15MNPNEAIF@?$AAe?$AAn?$AA?$AA@ 000000018000f2f8     libucrt:lcidtoname_downlevel.obj
 0002:00003300       ??_C@_15GPIOMPMH@?$AAe?$AAs?$AA?$AA@ 000000018000f300     libucrt:lcidtoname_downlevel.obj
 0002:00003308       ??_C@_15NGLOAKJC@?$AAf?$AAi?$AA?$AA@ 000000018000f308     libucrt:lcidtoname_downlevel.obj
 0002:00003310       ??_C@_15FBKGNKAM@?$AAf?$AAr?$AA?$AA@ 000000018000f310     libucrt:lcidtoname_downlevel.obj
 0002:00003318       ??_C@_15KGGCNEFK@?$AAh?$AAe?$AA?$AA@ 000000018000f318     libucrt:lcidtoname_downlevel.obj
 0002:00003320       ??_C@_15PGHLIDMF@?$AAh?$AAu?$AA?$AA@ 000000018000f320     libucrt:lcidtoname_downlevel.obj
 0002:00003328       ??_C@_15BIEMAPLM@?$AAi?$AAs?$AA?$AA@ 000000018000f328     libucrt:lcidtoname_downlevel.obj
 0002:00003330       ??_C@_15IFJLDHAF@?$AAi?$AAt?$AA?$AA@ 000000018000f330     libucrt:lcidtoname_downlevel.obj
 0002:00003338       ??_C@_15GEMIOCAG@?$AAj?$AAa?$AA?$AA@ 000000018000f338     libucrt:lcidtoname_downlevel.obj
 0002:00003340       ??_C@_15EPELEGJA@?$AAk?$AAo?$AA?$AA@ 000000018000f340     libucrt:lcidtoname_downlevel.obj
 0002:00003348       ??_C@_15NDDHIMN@?$AAn?$AAl?$AA?$AA@ 000000018000f348     libucrt:lcidtoname_downlevel.obj
 0002:00003350       ??_C@_15BPIGNHCD@?$AAn?$AAo?$AA?$AA@ 000000018000f350     libucrt:lcidtoname_downlevel.obj
 0002:00003358       ??_C@_15DEOPBLCG@?$AAp?$AAl?$AA?$AA@ 000000018000f358     libucrt:lcidtoname_downlevel.obj
 0002:00003360       ??_C@_15KBECGEFG@?$AAp?$AAt?$AA?$AA@ 000000018000f360     libucrt:lcidtoname_downlevel.obj
 0002:00003368       ??_C@_15GLJCBFMD@?$AAr?$AAo?$AA?$AA@ 000000018000f368     libucrt:lcidtoname_downlevel.obj
 0002:00003370       ??_C@_15FEDGKCDI@?$AAr?$AAu?$AA?$AA@ 000000018000f370     libucrt:lcidtoname_downlevel.obj
 0002:00003378       ??_C@_15GLKMLLHM@?$AAh?$AAr?$AA?$AA@ 000000018000f378     libucrt:lcidtoname_downlevel.obj
 0002:00003380       ??_C@_15CPKMFBDB@?$AAs?$AAk?$AA?$AA@ 000000018000f380     libucrt:lcidtoname_downlevel.obj
 0002:00003388       ??_C@_15BAAIOGMK@?$AAs?$AAq?$AA?$AA@ 000000018000f388     libucrt:lcidtoname_downlevel.obj
 0002:00003390       ??_C@_15INNPNOHD@?$AAs?$AAv?$AA?$AA@ 000000018000f390     libucrt:lcidtoname_downlevel.obj
 0002:00003398       ??_C@_15CABMMOGH@?$AAt?$AAh?$AA?$AA@ 000000018000f398     libucrt:lcidtoname_downlevel.obj
 0002:000033a0       ??_C@_15BPLIHJJM@?$AAt?$AAr?$AA?$AA@ 000000018000f3a0     libucrt:lcidtoname_downlevel.obj
 0002:000033a8       ??_C@_15NEOEKKDJ@?$AAu?$AAr?$AA?$AA@ 000000018000f3a8     libucrt:lcidtoname_downlevel.obj
 0002:000033b0       ??_C@_15NFICGAJK@?$AAi?$AAd?$AA?$AA@ 000000018000f3b0     libucrt:lcidtoname_downlevel.obj
 0002:000033b8       ??_C@_15HPJPHDM@?$AAb?$AAe?$AA?$AA@ 000000018000f3b8     libucrt:lcidtoname_downlevel.obj
 0002:000033c0       ??_C@_15LCHLGJII@?$AAs?$AAl?$AA?$AA@ 000000018000f3c0     libucrt:lcidtoname_downlevel.obj
 0002:000033c8       ??_C@_15PCFJPHHO@?$AAe?$AAt?$AA?$AA@ 000000018000f3c8     libucrt:lcidtoname_downlevel.obj
 0002:000033d0       ??_C@_15HPFPGODN@?$AAl?$AAv?$AA?$AA@ 000000018000f3d0     libucrt:lcidtoname_downlevel.obj
 0002:000033d8       ??_C@_15NFFGKGLG@?$AAl?$AAt?$AA?$AA@ 000000018000f3d8     libucrt:lcidtoname_downlevel.obj
 0002:000033e0       ??_C@_15BDAKCCHN@?$AAf?$AAa?$AA?$AA@ 000000018000f3e0     libucrt:lcidtoname_downlevel.obj
 0002:000033e8       ??_C@_15NFGIAIAJ@?$AAv?$AAi?$AA?$AA@ 000000018000f3e8     libucrt:lcidtoname_downlevel.obj
 0002:000033f0       ??_C@_15LMKNDMHN@?$AAh?$AAy?$AA?$AA@ 000000018000f3f0     libucrt:lcidtoname_downlevel.obj
 0002:000033f8       ??_C@_15IJBHMCFL@?$AAa?$AAz?$AA?$AA@ 000000018000f3f8     libucrt:lcidtoname_downlevel.obj
 0002:00003400       ??_C@_15EKOFJABL@?$AAe?$AAu?$AA?$AA@ 000000018000f400     libucrt:lcidtoname_downlevel.obj
 0002:00003408       ??_C@_15BGHADCNK@?$AAm?$AAk?$AA?$AA@ 000000018000f408     libucrt:lcidtoname_downlevel.obj
 0002:00003410       ??_C@_15JDNICKHM@?$AAa?$AAf?$AA?$AA@ 000000018000f410     libucrt:lcidtoname_downlevel.obj
 0002:00003418       ??_C@_15KPJEDBKD@?$AAk?$AAa?$AA?$AA@ 000000018000f418     libucrt:lcidtoname_downlevel.obj
 0002:00003420       ??_C@_15PDNFFFEO@?$AAf?$AAo?$AA?$AA@ 000000018000f420     libucrt:lcidtoname_downlevel.obj
 0002:00003428       ??_C@_15OMLEGLOC@?$AAh?$AAi?$AA?$AA@ 000000018000f428     libucrt:lcidtoname_downlevel.obj
 0002:00003430       ??_C@_15IDNNENKK@?$AAm?$AAs?$AA?$AA@ 000000018000f430     libucrt:lcidtoname_downlevel.obj
 0002:00003438       ??_C@_15MACJNBMH@?$AAk?$AAk?$AA?$AA@ 000000018000f438     libucrt:lcidtoname_downlevel.obj
 0002:00003440       ??_C@_15DKDJEOND@?$AAk?$AAy?$AA?$AA@ 000000018000f440     libucrt:lcidtoname_downlevel.obj
 0002:00003448       ??_C@_15DFGDLJBG@?$AAs?$AAw?$AA?$AA@ 000000018000f448     libucrt:lcidtoname_downlevel.obj
 0002:00003450       ??_C@_15BBFAICNG@?$AAu?$AAz?$AA?$AA@ 000000018000f450     libucrt:lcidtoname_downlevel.obj
 0002:00003458       ??_C@_15DKNDCGEA@?$AAt?$AAt?$AA?$AA@ 000000018000f458     libucrt:lcidtoname_downlevel.obj
 0002:00003460       ??_C@_15MGIFMDPL@?$AAp?$AAa?$AA?$AA@ 000000018000f460     libucrt:lcidtoname_downlevel.obj
 0002:00003468       ??_C@_15HCNDBBA@?$AAg?$AAu?$AA?$AA@ 000000018000f468     libucrt:lcidtoname_downlevel.obj
 0002:00003470       ??_C@_15FNBEIBON@?$AAt?$AAa?$AA?$AA@ 000000018000f470     libucrt:lcidtoname_downlevel.obj
 0002:00003478       ??_C@_15NCHGBGLK@?$AAt?$AAe?$AA?$AA@ 000000018000f478     libucrt:lcidtoname_downlevel.obj
 0002:00003480       ??_C@_15PHPHCBPF@?$AAk?$AAn?$AA?$AA@ 000000018000f480     libucrt:lcidtoname_downlevel.obj
 0002:00003488       ??_C@_15DLGBCKMP@?$AAm?$AAr?$AA?$AA@ 000000018000f488     libucrt:lcidtoname_downlevel.obj
 0002:00003490       ??_C@_15EABBLBFF@?$AAs?$AAa?$AA?$AA@ 000000018000f490     libucrt:lcidtoname_downlevel.obj
 0002:00003498       ??_C@_15CBKOMCOI@?$AAm?$AAn?$AA?$AA@ 000000018000f498     libucrt:lcidtoname_downlevel.obj
 0002:000034a0       ??_C@_15CKDMCJAF@?$AAg?$AAl?$AA?$AA@ 000000018000f4a0     libucrt:lcidtoname_downlevel.obj
 0002:000034a8       ??_C@_17CNJFBPG@?$AAk?$AAo?$AAk?$AA?$AA@ 000000018000f4a8     libucrt:lcidtoname_downlevel.obj
 0002:000034b0       ??_C@_17FFBJICPL@?$AAs?$AAy?$AAr?$AA?$AA@ 000000018000f4b0     libucrt:lcidtoname_downlevel.obj
 0002:000034b8       ??_C@_17KPNDCPAF@?$AAd?$AAi?$AAv?$AA?$AA@ 000000018000f4b8     libucrt:lcidtoname_downlevel.obj
 0002:000034c0       ??_C@_1M@OKAHONE@?$AAa?$AAr?$AA?9?$AAS?$AAA?$AA?$AA@ 000000018000f4c0     libucrt:lcidtoname_downlevel.obj
 0002:000034d0       ??_C@_1M@FFFIGIGK@?$AAb?$AAg?$AA?9?$AAB?$AAG?$AA?$AA@ 000000018000f4d0     libucrt:lcidtoname_downlevel.obj
 0002:000034e0       ??_C@_1M@BJNKEDC@?$AAc?$AAa?$AA?9?$AAE?$AAS?$AA?$AA@ 000000018000f4e0     libucrt:lcidtoname_downlevel.obj
 0002:000034f0       ??_C@_1M@IJJHFJHA@?$AAc?$AAs?$AA?9?$AAC?$AAZ?$AA?$AA@ 000000018000f4f0     libucrt:lcidtoname_downlevel.obj
 0002:00003500       ??_C@_1M@CLPEOBGI@?$AAd?$AAa?$AA?9?$AAD?$AAK?$AA?$AA@ 000000018000f500     libucrt:lcidtoname_downlevel.obj
 0002:00003510       ??_C@_1M@MCMADGCB@?$AAd?$AAe?$AA?9?$AAD?$AAE?$AA?$AA@ 000000018000f510     libucrt:lcidtoname_downlevel.obj
 0002:00003520       ??_C@_1M@OOCKEMAM@?$AAe?$AAl?$AA?9?$AAG?$AAR?$AA?$AA@ 000000018000f520     libucrt:lcidtoname_downlevel.obj
 0002:00003530       ??_C@_1M@DDNJFGID@?$AAf?$AAi?$AA?9?$AAF?$AAI?$AA?$AA@ 000000018000f530     libucrt:lcidtoname_downlevel.obj
 0002:00003540       ??_C@_1M@GLIPPMAC@?$AAf?$AAr?$AA?9?$AAF?$AAR?$AA?$AA@ 000000018000f540     libucrt:lcidtoname_downlevel.obj
 0002:00003550       ??_C@_1M@GFMCHPE@?$AAh?$AAe?$AA?9?$AAI?$AAL?$AA?$AA@ 000000018000f550     libucrt:lcidtoname_downlevel.obj
 0002:00003560       ??_C@_1M@MHLPGNKM@?$AAh?$AAu?$AA?9?$AAH?$AAU?$AA?$AA@ 000000018000f560     libucrt:lcidtoname_downlevel.obj
 0002:00003570       ??_C@_1M@LPDDNNPN@?$AAi?$AAs?$AA?9?$AAI?$AAS?$AA?$AA@ 000000018000f570     libucrt:lcidtoname_downlevel.obj
 0002:00003580       ??_C@_1M@MADIPODN@?$AAi?$AAt?$AA?9?$AAI?$AAT?$AA?$AA@ 000000018000f580     libucrt:lcidtoname_downlevel.obj
 0002:00003590       ??_C@_1M@IHBJJGG@?$AAn?$AAl?$AA?9?$AAN?$AAL?$AA?$AA@ 000000018000f590     libucrt:lcidtoname_downlevel.obj
 0002:000035a0       ??_C@_1M@EANAGDL@?$AAn?$AAb?$AA?9?$AAN?$AAO?$AA?$AA@ 000000018000f5a0     libucrt:lcidtoname_downlevel.obj
 0002:000035b0       ??_C@_1M@NEIEMEGP@?$AAp?$AAl?$AA?9?$AAP?$AAL?$AA?$AA@ 000000018000f5b0     libucrt:lcidtoname_downlevel.obj
[...]
 0004:00000744       $pdata$??R<lambda_ad1ced32f4ac17aa236e5ef05d6b3b7c>@@QEBAXXZ 0000000180017744     libucrt:mbctype.obj
 0004:00000750       $pdata$?getSystemCP@@YAHH@Z 0000000180017750     libucrt:mbctype.obj
 0004:0000075c       $pdata$?setSBCS@@YAXPEAU__crt_multibyte_data@@@Z 000000018001775c     libucrt:mbctype.obj
 0004:00000768       $pdata$?setSBUpLow@@YAXPEAU__crt_multibyte_data@@@Z 0000000180017768     libucrt:mbctype.obj
 0004:00000774       $pdata$?setmbcp_internal@@YAHH_N@Z 0000000180017774     libucrt:mbctype.obj
 0004:00000780       $pdata$__acrt_initialize_multibyte 0000000180017780     libucrt:mbctype.obj
 0004:0000078c       $pdata$__acrt_update_thread_multibyte_data 000000018001778c     libucrt:mbctype.obj
 0004:00000798       $pdata$_setmbcp_nolock     0000000180017798     libucrt:mbctype.obj
 0004:000007a4       $pdata$?x_ismbbtype_l@@YAHPEAU__crt_locale_pointers@@IHH@Z 00000001800177a4     libucrt:ismbbyte.obj
 0004:000007b0       $pdata$__acrt_initialize_command_line 00000001800177b0     libucrt:argv_data.obj
 0004:000007bc       $pdata$__dcrt_get_narrow_environment_from_os 00000001800177bc     libucrt:get_environment_from_os.obj
 0004:000007c8       $pdata$_recalloc_base      00000001800177c8     libucrt:recalloc.obj
 0004:000007d4       $pdata$__acrt_initialize_heap 00000001800177d4     libucrt:heap_handle.obj
 0004:000007e0       $pdata$?initialize_inherited_file_handles_nolock@@YAXXZ 00000001800177e0     libucrt:ioinit.obj
 0004:000007ec       $pdata$?initialize_stdio_handles_nolock@@YAXXZ 00000001800177ec     libucrt:ioinit.obj
 0004:000007f8       $pdata$__acrt_initialize_lowio 00000001800177f8     libucrt:ioinit.obj
 0004:00000804       $pdata$__acrt_uninitialize_lowio 0000000180017804     libucrt:ioinit.obj
 0004:00000810       $pdata$__acrt_execute_initializers 0000000180017810     libucrt:shared_initialization.obj
 0004:0000081c       $pdata$__acrt_execute_uninitializers 000000018001781c     libucrt:shared_initialization.obj
 0004:00000828       $pdata$_callnewh           0000000180017828     libucrt:new_handler.obj
 0004:00000834       $pdata$_query_new_handler  0000000180017834     libucrt:new_handler.obj
 0004:00000840       $pdata$??$?RV<lambda_c36588078e9f5dfd39652860aa6b3aaf>@@AEAV<lambda_ec61778202f4f5fc7e7711acc23c3bca>@@V<lambda_dc9d2797ccde5d239b4a0efae8ebd7db>@@@?$__crt_seh_guarded_call@P6AXH@Z@@QEAAP6AXH@Z$$QEAV<lambda_c36588078e9f5dfd39652860aa6b3aaf>@@AEAV<lambda_ec61778202f4f5fc7e7711acc23c3bca>@@$$QEAV<lambda_dc9d2797ccde5d239b4a0efae8ebd7db>@@@Z 0000000180017840     libucrt:signal.obj
 0004:0000084c       $pdata$__acrt_get_sigabrt_handler 000000018001784c     libucrt:signal.obj
 0004:00000858       $pdata$raise               0000000180017858     libucrt:signal.obj
 0004:00000864       $pdata$__acrt_invoke_user_matherr 0000000180017864     libucrt:matherr.obj
 0004:00000870       $pdata$_mbtowc_l           0000000180017870     libucrt:mbtowc.obj
 0004:0000087c       $pdata$_fileno             000000018001787c     libucrt:fileno.obj
 0004:00000888       $pdata$__acrt_initialize_stdio 0000000180017888     libucrt:_file.obj
 0004:00000894       $pdata$__acrt_uninitialize_stdio 0000000180017894     libucrt:_file.obj
 0004:000008a0       $pdata$__pctype_func       00000001800178a0     libucrt:ctype.obj
 0004:000008ac       $pdata$_isctype_l          00000001800178ac     libucrt:isctype.obj
 0004:000008b8       $pdata$_isleadbyte_l       00000001800178b8     libucrt:_wctype.obj
 0004:000008c4       $pdata$?__acrt_LCMapStringA_stat@@YAHPEAU__crt_locale_pointers@@PEB_WKPEBDHPEADHHH@Z 00000001800178c4     libucrt:lcmapstringa.obj
 0004:000008d0       $pdata$__acrt_LCMapStringA 00000001800178d0     libucrt:lcmapstringa.obj
 0004:000008dc       $pdata$__acrt_free_locale  00000001800178dc     libucrt:locale_refcounting.obj
 0004:000008e8       $pdata$__acrt_locale_free_lc_time_if_unreferenced 00000001800178e8     libucrt:locale_refcounting.obj
 0004:000008f4       $pdata$__acrt_release_locale_ref 00000001800178f4     libucrt:locale_refcounting.obj
 0004:00000900       $pdata$__acrt_update_thread_locale_data 0000000180017900     libucrt:locale_refcounting.obj
 0004:0000090c       $pdata$_updatetlocinfoEx_nolock 000000018001790c     libucrt:locale_refcounting.obj
 0004:00000918       $pdata$__acrt_locale_free_monetary 0000000180017918     libucrt:initmon.obj
 0004:00000924       $pdata$__acrt_locale_free_numeric 0000000180017924     libucrt:initnum.obj
 0004:00000930       $pdata$?free_crt_array_internal@@YAXQEAPEBX_K@Z 0000000180017930     libucrt:inittime.obj
 0004:0000093c       $pdata$__acrt_locale_free_time 000000018001793c     libucrt:inittime.obj
 0004:00000948       $pdata$__acrt_GetStringTypeA 0000000180017948     libucrt:getstringtypea.obj
 0004:00000954       $pdata$?GetTableIndexFromLocaleName@@YAHPEB_W@Z 0000000180017954     libucrt:lcidtoname_downlevel.obj
 0004:00000960       $pdata$__acrt_DownlevelLocaleNameToLCID 0000000180017960     libucrt:lcidtoname_downlevel.obj
 0004:0000096c       $pdata$?shortsort@@YAXPEAD0_KP6AHPEBX2@Z@Z 000000018001796c     libucrt:qsort.obj
 0004:00000978       $pdata$2$?shortsort@@YAXPEAD0_KP6AHPEBX2@Z@Z 0000000180017978     libucrt:qsort.obj
 0004:00000984       $pdata$3$?shortsort@@YAXPEAD0_KP6AHPEBX2@Z@Z 0000000180017984     libucrt:qsort.obj
 0004:00000990       $pdata$qsort               0000000180017990     libucrt:qsort.obj
 0004:0000099c       $pdata$4$qsort             000000018001799c     libucrt:qsort.obj
 0004:000009a8       $pdata$5$qsort             00000001800179a8     libucrt:qsort.obj
 0004:000009b4       $pdata$strncpy_s           00000001800179b4     libucrt:strncpy_s.obj
 0004:000009c0       $pdata$strpbrk             00000001800179c0     libucrt:strpbrk.obj
 0004:000009cc       $pdata$_mbsdec_l           00000001800179cc     libucrt:mbsdec.obj
 0004:000009d8       $pdata$?initialize_multibyte@@YAHXZ 00000001800179d8     libucrt:multibyte_initializer.obj
 0004:000009e4       $pdata$_msize              00000001800179e4     libucrt:msize.obj
 0004:000009f0       $pdata$_realloc_base       00000001800179f0     libucrt:realloc_base.obj
 0004:000009fc       $pdata$__acrt_lowio_create_handle_array 00000001800179fc     libucrt:osfinfo.obj
 0004:00000a08       $pdata$__acrt_lowio_destroy_handle_array 0000000180017a08     libucrt:osfinfo.obj
 0004:00000a14       $pdata$__acrt_lowio_ensure_fh_exists 0000000180017a14     libucrt:osfinfo.obj
 0004:00000a20       $pdata$_free_osfhnd        0000000180017a20     libucrt:osfinfo.obj
 0004:00000a2c       $pdata$_get_osfhandle      0000000180017a2c     libucrt:osfinfo.obj
 0004:00000a38       $pdata$_isatty             0000000180017a38     libucrt:isatty.obj
 0004:00000a44       $pdata$__acrt_stdio_flush_nolock 0000000180017a44     libucrt:fflush.obj
 0004:00000a50       $pdata$_fflush_nolock      0000000180017a50     libucrt:fflush.obj
 0004:00000a5c       $pdata$common_flush_all    0000000180017a5c     libucrt:fflush.obj
 0004:00000a68       $pdata$_fcloseall          0000000180017a68     libucrt:closeall.obj
 0004:00000a74       $pdata$__acrt_stdio_free_buffer_nolock 0000000180017a74     libucrt:_freebuf.obj
 0004:00000a80       $pdata$??$?RV<lambda_b521505b218e5242e90febf6bfebc422>@@AEAV<lambda_6978c1fb23f02e42e1d9e99668cc68aa>@@V<lambda_314360699dd331753a4119843814e9a7>@@@?$__crt_seh_guarded_call@H@@QEAAH$$QEAV<lambda_b521505b218e5242e90febf6bfebc422>@@AEAV<lambda_6978c1fb23f02e42e1d9e99668cc68aa>@@$$QEAV<lambda_314360699dd331753a4119843814e9a7>@@@Z 0000000180017a80     libucrt:commit.obj
 0004:00000a8c       $pdata$_commit             0000000180017a8c     libucrt:commit.obj
 0004:00000a98       $pdata$?write_double_translated_ansi_nolock@@YA?AUwrite_result@?A0x9c548279@@HQEBDI@Z 0000000180017a98     libucrt:write.obj
 0004:00000aa4       $pdata$?write_text_ansi_nolock@@YA?AUwrite_result@?A0x9c548279@@HQEBDI@Z 0000000180017aa4     libucrt:write.obj
 0004:00000ab0       $pdata$?write_text_utf16le_nolock@@YA?AUwrite_result@?A0x9c548279@@HQEBDI@Z 0000000180017ab0     libucrt:write.obj
 0004:00000abc       $pdata$?write_text_utf8_nolock@@YA?AUwrite_result@?A0x9c548279@@HQEBDI@Z 0000000180017abc     libucrt:write.obj
 0004:00000ac8       $pdata$_write              0000000180017ac8     libucrt:write.obj
 0004:00000ad4       $pdata$_write_nolock       0000000180017ad4     libucrt:write.obj
 0004:00000aec       $pdata$??$common_lseek_nolock@_J@@YA_JH_JH@Z 0000000180017aec     libucrt:lseek.obj
 0004:00000af8       $pdata$_fclose_nolock      0000000180017af8     libucrt:fclose.obj
 0004:00000b04       $pdata$fclose              0000000180017b04     libucrt:fclose.obj
 0004:00000b10       $pdata$_putwch_nolock      0000000180017b10     libucrt:putwch.obj
 0004:00000b1c       $pdata$_call_matherr       0000000180017b1c     libucrt:libm_error.obj
 0004:00000b28       $pdata$_exception_enabled  0000000180017b28     libucrt:libm_error.obj
 0004:00000b34       $pdata$_handle_error       0000000180017b34     libucrt:libm_error.obj
 0004:00000b40       $pdata$__acrt_initialize_fma3 0000000180017b40     libucrt:fma3_available.obj
 0004:00000b4c       $pdata$_log10_special      0000000180017b4c     libucrt:log_special.obj
 0004:00000b58       $pdata$_log_special_common 0000000180017b58     libucrt:log_special.obj
 0004:00000b64       $pdata$??$?RV<lambda_bfedae4ebbf01fab1bb6dcc6a9e276e0>@@AEAV<lambda_2fe9b910cf3cbf4a0ab98a02ba45b3ec>@@V<lambda_237c231691f317818eb88cc1d5d642d6>@@@?$__crt_seh_guarded_call@H@@QEAAH$$QEAV<lambda_bfedae4ebbf01fab1bb6dcc6a9e276e0>@@AEAV<lambda_2fe9b910cf3cbf4a0ab98a02ba45b3ec>@@$$QEAV<lambda_237c231691f317818eb88cc1d5d642d6>@@@Z 0000000180017b64     libucrt:close.obj
 0004:00000b70       $pdata$_close              0000000180017b70     libucrt:close.obj
 0004:00000b7c       $pdata$_close_nolock       0000000180017b7c     libucrt:close.obj
 0004:00000b88       $pdata$__dcrt_lowio_initialize_console_output 0000000180017b88     libucrt:initcon.obj
 0004:00000b94       $pdata$__dcrt_terminate_console_output 0000000180017b94     libucrt:initcon.obj
 0004:00000bac       $pdata$_raise_exc          0000000180017bac     libucrt:fpexcept.obj
 0004:00000bb8       $pdata$_raise_exc_ex       0000000180017bb8     libucrt:fpexcept.obj
 0004:00000bc4       $pdata$_set_errno_from_matherr 0000000180017bc4     libucrt:fpexcept.obj
 0004:00000bd0       $pdata$_clrfp              0000000180017bd0     libucrt:fpctrl.obj
 0004:00000bdc       $pdata$_ctrlfp             0000000180017bdc     libucrt:fpctrl.obj
 0004:00000be8       $pdata$_set_statfp         0000000180017be8     libucrt:fpctrl.obj
 0004:00000bf4       $pdata$_statfp             0000000180017bf4     libucrt:fpctrl.obj
 0004:00000c00       $pdata$?DloadAcquireSectionWriteAccess@@YAXXZ 0000000180017c00     DelayImp:delayhlp.obj
 0004:00000c0c       $pdata$?DloadGetSRWLockFunctionPointers@@YAEXZ 0000000180017c0c     DelayImp:delayhlp.obj
 0004:00000c18       $pdata$?DloadMakePermanentImageCommit@@YAXPEAX_K@Z 0000000180017c18     DelayImp:delayhlp.obj
 0004:00000c24       $pdata$?DloadObtainSection@@YAPEAXPEAK0@Z 0000000180017c24     DelayImp:delayhlp.obj
 0004:00000c30       $pdata$?DloadProtectSection@@YAXKPEAK@Z 0000000180017c30     DelayImp:delayhlp.obj
 0004:00000c3c       $pdata$?DloadReleaseSectionWriteAccess@@YAXXZ 0000000180017c3c     DelayImp:delayhlp.obj
 0004:00000c48       $pdata$__delayLoadHelper2  0000000180017c48     DelayImp:delayhlp.obj
 0004:00000c54       $pdata$__GSHandlerCheck    0000000180017c54     LIBCMT:_gshandler_.obj
 0004:00000c60       $pdata$__GSHandlerCheckCommon 0000000180017c60     LIBCMT:_gshandler_.obj
 0004:00000c6c       $pdata$_IsNonwritableInCurrentImage 0000000180017c6c     LIBCMT:pesect.obj
 0004:00000ca8       $pdata$?fin$0@?0??dllmain_crt_process_attach@@YAHQEAUHINSTANCE__@@QEAX@Z@4HA 0000000180017ca8     LIBCMT:dll_dllmain.obj
 0004:00000cb4       $pdata$?fin$0@?0??dllmain_crt_process_detach@@YAH_N@Z@4HA 0000000180017cb4     LIBCMT:dll_dllmain.obj
 0004:00000cc0       $pdata$?filt$0@?0??dllmain_dispatch@@YAHQEAUHINSTANCE__@@KQEAX@Z@4HA 0000000180017cc0     LIBCMT:dll_dllmain.obj
 0004:00000ccc       $pdata$__scrt_is_nonwritable_in_current_image$filt$0 0000000180017ccc     LIBCMT:utility.obj
 0004:00000cd8       $pdata$?filt$0@?0??common_exit@@YAXHW4_crt_exit_cleanup_mode@@W4_crt_exit_return_mode@@@Z@4HA 0000000180017cd8     libucrt:exit.obj
 0004:00000ce4       $pdata$?fin$1@?0??common_exit@@YAXHW4_crt_exit_cleanup_mode@@W4_crt_exit_return_mode@@@Z@4HA 0000000180017ce4     libucrt:exit.obj
 0004:00000cf0       $pdata$?fin$0@?0???$?RV<lambda_e24bbb7b643b32fcea6fa61b31d4c984>@@AEAV<lambda_275893d493268fdec8709772e3fcec0e>@@V<lambda_9d71df4d7cf3f480f8d633942495c3b0>@@@?$__crt_seh_guarded_call@H@@QEAAH$$QEAV<lambda_e24bbb7b643b32fcea6fa61b31d4c984>@@AEAV<lambda_275893d493268fdec8709772e3fcec0e>@@$$QEAV<lambda_9d71df4d7cf3f480f8d633942495c3b0>@@@Z@4HA 0000000180017cf0     libucrt:onexit.obj
 0004:00000cfc       $pdata$?fin$0@?0???$?RV<lambda_c36588078e9f5dfd39652860aa6b3aaf>@@AEAV<lambda_ec61778202f4f5fc7e7711acc23c3bca>@@V<lambda_dc9d2797ccde5d239b4a0efae8ebd7db>@@@?$__crt_seh_guarded_call@P6AXH@Z@@QEAAP6AXH@Z$$QEAV<lambda_c36588078e9f5dfd39652860aa6b3aaf>@@AEAV<lambda_ec61778202f4f5fc7e7711acc23c3bca>@@$$QEAV<lambda_dc9d2797ccde5d239b4a0efae8ebd7db>@@@Z@4HA 0000000180017cfc     libucrt:signal.obj
 0004:00000cfc       $pdata$?fin$0@?0???$?RV<lambda_72d1df2b273a38828b1ce30cbf4cdab5>@@AEAV<lambda_876a65b173b8412d3a47c70a915b0cf4>@@V<lambda_41932305e351933ebe8f8be3ed8bb5dc>@@@?$__crt_seh_guarded_call@X@@QEAAX$$QEAV<lambda_72d1df2b273a38828b1ce30cbf4cdab5>@@AEAV<lambda_876a65b173b8412d3a47c70a915b0cf4>@@$$QEAV<lambda_41932305e351933ebe8f8be3ed8bb5dc>@@@Z@4HA 0000000180017cfc     libucrt:per_thread_data.obj
 0004:00000cfc       $pdata$?fin$0@?0???$?RV<lambda_b8c45f8f788dd370798f47cfe8ac3a86>@@AEAV<lambda_4e60a939b0d047cfe11ddc22648dfba9>@@V<lambda_332c3edc96d0294ec56c57d38c1cdfd5>@@@?$__crt_seh_guarded_call@H@@QEAAH$$QEAV<lambda_b8c45f8f788dd370798f47cfe8ac3a86>@@AEAV<lambda_4e60a939b0d047cfe11ddc22648dfba9>@@$$QEAV<lambda_332c3edc96d0294ec56c57d38c1cdfd5>@@@Z@4HA 0000000180017cfc     libucrt:onexit.obj
 0004:00000cfc       $pdata$?fin$0@?0???$?RV<lambda_5e887d1dcbef67a5eb4283622ba103bf>@@AEAV<lambda_4466841279450cc726390878d4a41900>@@V<lambda_341c25c0346d94847f1f3c463c57e077>@@@?$__crt_seh_guarded_call@X@@QEAAX$$QEAV<lambda_5e887d1dcbef67a5eb4283622ba103bf>@@AEAV<lambda_4466841279450cc726390878d4a41900>@@$$QEAV<lambda_341c25c0346d94847f1f3c463c57e077>@@@Z@4HA 0000000180017cfc     libucrt:per_thread_data.obj
 0004:00000cfc       $pdata$?fin$0@?0???$?RV<lambda_99476a1ad63dd22509b5d3e65b0ffc95>@@AEAV<lambda_ad1ced32f4ac17aa236e5ef05d6b3b7c>@@V<lambda_f7424dd8d45958661754dc4f2697e9c3>@@@?$__crt_seh_guarded_call@X@@QEAAX$$QEAV<lambda_99476a1ad63dd22509b5d3e65b0ffc95>@@AEAV<lambda_ad1ced32f4ac17aa236e5ef05d6b3b7c>@@$$QEAV<lambda_f7424dd8d45958661754dc4f2697e9c3>@@@Z@4HA 0000000180017cfc     libucrt:mbctype.obj
 0004:00000cfc       $pdata$?fin$0@?0???$?RV<lambda_fb3a7dec4e47f37f22dae91bb15c9095>@@AEAV<lambda_698284760c8add0bfb0756c19673e34b>@@V<lambda_dfb8eca1e75fef3034a8fb18dd509707>@@@?$__crt_seh_guarded_call@X@@QEAAX$$QEAV<lambda_fb3a7dec4e47f37f22dae91bb15c9095>@@AEAV<lambda_698284760c8add0bfb0756c19673e34b>@@$$QEAV<lambda_dfb8eca1e75fef3034a8fb18dd509707>@@@Z@4HA 0000000180017cfc     libucrt:per_thread_data.obj
 0004:00000cfc       $pdata$?fin$0@?0???$?RV<lambda_46352004c1216016012b18bd6f87e700>@@AEAV<lambda_3bd07e1a1191394380780325891bf33f>@@V<lambda_334532d3f185bcaa59b5be82d7d22bff>@@@?$__crt_seh_guarded_call@X@@QEAAX$$QEAV<lambda_46352004c1216016012b18bd6f87e700>@@AEAV<lambda_3bd07e1a1191394380780325891bf33f>@@$$QEAV<lambda_334532d3f185bcaa59b5be82d7d22bff>@@@Z@4HA 0000000180017cfc     libucrt:per_thread_data.obj
 0004:00000d08       $pdata$__acrt_uninitialize_locale$fin$0 0000000180017d08     libucrt:wsetlocale.obj
 0004:00000d08       $pdata$__acrt_update_thread_locale_data$fin$0 0000000180017d08     libucrt:locale_refcounting.obj
 0004:00000d14       $pdata$__acrt_update_thread_multibyte_data$fin$0 0000000180017d14     libucrt:mbctype.obj
 0004:00000d20       $pdata$__acrt_lowio_ensure_fh_exists$fin$0 0000000180017d20     libucrt:osfinfo.obj
 0004:00000d20       $pdata$__acrt_initialize_lowio$fin$0 0000000180017d20     libucrt:ioinit.obj
 0004:00000d2c       $pdata$_query_new_handler$fin$0 0000000180017d2c     libucrt:new_handler.obj
 0004:00000d38       $pdata$raise$fin$0         0000000180017d38     libucrt:signal.obj
 0004:00000d44       $pdata$common_flush_all$fin$0 0000000180017d44     libucrt:fflush.obj
 0004:00000d50       $pdata$common_flush_all$fin$1 0000000180017d50     libucrt:fflush.obj
 0004:00000d5c       $pdata$_fcloseall$fin$0    0000000180017d5c     libucrt:closeall.obj
 0004:00000d68       $pdata$_write$fin$0        0000000180017d68     libucrt:write.obj
 0004:00000d74       $pdata$fclose$fin$0        0000000180017d74     libucrt:fclose.obj
 0004:00000d80       $pdata$?fin$0@?0???$?RV<lambda_b521505b218e5242e90febf6bfebc422>@@AEAV<lambda_6978c1fb23f02e42e1d9e99668cc68aa>@@V<lambda_314360699dd331753a4119843814e9a7>@@@?$__crt_seh_guarded_call@H@@QEAAH$$QEAV<lambda_b521505b218e5242e90febf6bfebc422>@@AEAV<lambda_6978c1fb23f02e42e1d9e99668cc68aa>@@$$QEAV<lambda_314360699dd331753a4119843814e9a7>@@@Z@4HA 0000000180017d80     libucrt:commit.obj
 0004:00000d80       $pdata$?fin$0@?0???$?RV<lambda_bfedae4ebbf01fab1bb6dcc6a9e276e0>@@AEAV<lambda_2fe9b910cf3cbf4a0ab98a02ba45b3ec>@@V<lambda_237c231691f317818eb88cc1d5d642d6>@@@?$__crt_seh_guarded_call@H@@QEAAH$$QEAV<lambda_bfedae4ebbf01fab1bb6dcc6a9e276e0>@@AEAV<lambda_2fe9b910cf3cbf4a0ab98a02ba45b3ec>@@$$QEAV<lambda_237c231691f317818eb88cc1d5d642d6>@@@Z@4HA 0000000180017d80     libucrt:close.obj
 0004:00000d8c       $pdata$_ctrlfp$filt$0      0000000180017d8c     libucrt:fpctrl.obj
 0004:00000d98       $pdata$_IsNonwritableInCurrentImage$filt$0 0000000180017d98     LIBCMT:pesect.obj
 0005:00000000       __guard_fids__             0000000180018000     libucrt:initialization.obj
 0005:00000060       __guard_fids___acrt_initialize_ptd 0000000180018060     libucrt:per_thread_data.obj
 0005:00000064       __guard_fids_??$expand_argument_wildcards@D@@YAHQEAD0AEAV?$argument_list@D@?A0xca0879c4@@@Z 0000000180018064     libucrt:argv_wildcards.obj
 0005:00000068       __guard_fids__             0000000180018068     libucrt:locale_initializer.obj
 0005:0000006c       __guard_fids__             000000018001806c     libucrt:multibyte_initializer.obj
 0005:00000070       __guard_fids__             0000000180018070     libucrt:stdio_initializer.obj
 0005:00000074       __guard_fids__             0000000180018074     libucrt:stdio_initializer.obj
 0005:00000078       __guard_fids__             0000000180018078     libucrt:fma3_initializer.obj
 0005:0000007c       __guard_fids__             000000018001807c     libucrt:console_output_initializer.obj
 0005:00000080       __guard_fids_?dllmain_crt_process_attach@@YAHQEAUHINSTANCE__@@QEAX@Z 0000000180018080     LIBCMT:dll_dllmain.obj
 0005:00000088       __guard_fids_?dllmain_dispatch@@YAHQEAUHINSTANCE__@@KQEAX@Z 0000000180018088     LIBCMT:dll_dllmain.obj
 0005:0000008c       __guard_fids__             000000018001808c     LIBCMT:guard_support.obj
 0005:00000090       __guard_fids__             0000000180018090     libvcruntime:telemetry.obj
 0005:00000094       __guard_fids_?TraceLoggingRegister@__vcrt_trace_logging_provider@@YAJPEBU_TlgProvider_t@1@PEBU_GUID@@P6AX1KE_K2PEAU_EVENT_FILTER_DESCRIPTOR@@PEAX@Z4@Z 0000000180018094     libvcruntime:telemetry.obj
 0005:00000098       __guard_fids___vcrt_initialize_ptd 0000000180018098     libvcruntime:per_thread_data.obj
 0006:00000060       $R000000                   0000000180019060     * linker generated manifest res *

 Exports

  ordinal    name

        1    _register_addon_
